
Optional file libmchp_peripheral.a not found

Optional file libmchp_peripheral_32MX320F128H.a not found
Archive member included because of file (symbol)

c:/program files/microchip/xc32/v2.50/bin/bin/../../lib/gcc/pic32mx/4.8.3\libgcc.a(floatunsisf.o)
                              build/default/production/_ext/1959175648/AD.o (__floatunsisf)
c:/program files/microchip/xc32/v2.50/bin/bin/../../lib/gcc/pic32mx/4.8.3/../../../../pic32mx/lib\libpic32.a(default-bootstrap-exception-handler.o)
                              C:\Users\leafg\AppData\Local\Temp\ccuR8TkX.o (_bootstrap_exception_handler)
c:/program files/microchip/xc32/v2.50/bin/bin/../../lib/gcc/pic32mx/4.8.3/../../../../pic32mx/lib\libpic32.a(default-on-reset.o)
                              C:\Users\leafg\AppData\Local\Temp\ccuR8TkX.o (_on_reset)
c:/program files/microchip/xc32/v2.50/bin/bin/../../lib/gcc/pic32mx/4.8.3/../../../../pic32mx/lib\libpic32.a(default-on-bootstrap.o)
                              C:\Users\leafg\AppData\Local\Temp\ccuR8TkX.o (_on_bootstrap)
c:/program files/microchip/xc32/v2.50/bin/bin/../../lib/gcc/pic32mx/4.8.3/../../../../pic32mx/lib\libpic32.a(default-nmi-handler.o)
                              C:\Users\leafg\AppData\Local\Temp\ccuR8TkX.o (_nmi_handler)
c:/program files/microchip/xc32/v2.50/bin/bin/../../lib/gcc/pic32mx/4.8.3/../../../../pic32mx/lib\libpic32.a(pic32_data_init.o)
                              C:\Users\leafg\AppData\Local\Temp\ccuR8TkX.o (__pic32_data_init)
c:/program files/microchip/xc32/v2.50/bin/bin/../../lib/gcc/pic32mx/4.8.3/../../../../pic32mx/lib\libpic32.a(general-exception.o)
                              C:\Users\leafg\AppData\Local\Temp\ccuR8TkX.o (_general_exception_context)
c:/program files/microchip/xc32/v2.50/bin/bin/../../lib/gcc/pic32mx/4.8.3/../../../../pic32mx/lib\libpic32.a(vector0.o)
                              C:\Users\leafg\AppData\Local\Temp\ccEZ9eeW.o (__vector_dispatch_0)
c:/program files/microchip/xc32/v2.50/bin/bin/../../lib/gcc/pic32mx/4.8.3/../../../../pic32mx/lib\libpic32.a(vector1.o)
                              C:\Users\leafg\AppData\Local\Temp\ccEZ9eeW.o (__vector_dispatch_1)
c:/program files/microchip/xc32/v2.50/bin/bin/../../lib/gcc/pic32mx/4.8.3/../../../../pic32mx/lib\libpic32.a(vector2.o)
                              C:\Users\leafg\AppData\Local\Temp\ccEZ9eeW.o (__vector_dispatch_2)
c:/program files/microchip/xc32/v2.50/bin/bin/../../lib/gcc/pic32mx/4.8.3/../../../../pic32mx/lib\libpic32.a(vector3.o)
                              C:\Users\leafg\AppData\Local\Temp\ccEZ9eeW.o (__vector_dispatch_3)
c:/program files/microchip/xc32/v2.50/bin/bin/../../lib/gcc/pic32mx/4.8.3/../../../../pic32mx/lib\libpic32.a(vector5.o)
                              C:\Users\leafg\AppData\Local\Temp\ccEZ9eeW.o (__vector_dispatch_5)
c:/program files/microchip/xc32/v2.50/bin/bin/../../lib/gcc/pic32mx/4.8.3/../../../../pic32mx/lib\libpic32.a(vector6.o)
                              C:\Users\leafg\AppData\Local\Temp\ccEZ9eeW.o (__vector_dispatch_6)
c:/program files/microchip/xc32/v2.50/bin/bin/../../lib/gcc/pic32mx/4.8.3/../../../../pic32mx/lib\libpic32.a(vector7.o)
                              C:\Users\leafg\AppData\Local\Temp\ccEZ9eeW.o (__vector_dispatch_7)
c:/program files/microchip/xc32/v2.50/bin/bin/../../lib/gcc/pic32mx/4.8.3/../../../../pic32mx/lib\libpic32.a(vector8.o)
                              C:\Users\leafg\AppData\Local\Temp\ccEZ9eeW.o (__vector_dispatch_8)
c:/program files/microchip/xc32/v2.50/bin/bin/../../lib/gcc/pic32mx/4.8.3/../../../../pic32mx/lib\libpic32.a(vector9.o)
                              C:\Users\leafg\AppData\Local\Temp\ccEZ9eeW.o (__vector_dispatch_9)
c:/program files/microchip/xc32/v2.50/bin/bin/../../lib/gcc/pic32mx/4.8.3/../../../../pic32mx/lib\libpic32.a(vector10.o)
                              C:\Users\leafg\AppData\Local\Temp\ccEZ9eeW.o (__vector_dispatch_10)
c:/program files/microchip/xc32/v2.50/bin/bin/../../lib/gcc/pic32mx/4.8.3/../../../../pic32mx/lib\libpic32.a(vector11.o)
                              C:\Users\leafg\AppData\Local\Temp\ccEZ9eeW.o (__vector_dispatch_11)
c:/program files/microchip/xc32/v2.50/bin/bin/../../lib/gcc/pic32mx/4.8.3/../../../../pic32mx/lib\libpic32.a(vector12.o)
                              C:\Users\leafg\AppData\Local\Temp\ccEZ9eeW.o (__vector_dispatch_12)
c:/program files/microchip/xc32/v2.50/bin/bin/../../lib/gcc/pic32mx/4.8.3/../../../../pic32mx/lib\libpic32.a(vector13.o)
                              C:\Users\leafg\AppData\Local\Temp\ccEZ9eeW.o (__vector_dispatch_13)
c:/program files/microchip/xc32/v2.50/bin/bin/../../lib/gcc/pic32mx/4.8.3/../../../../pic32mx/lib\libpic32.a(vector14.o)
                              C:\Users\leafg\AppData\Local\Temp\ccEZ9eeW.o (__vector_dispatch_14)
c:/program files/microchip/xc32/v2.50/bin/bin/../../lib/gcc/pic32mx/4.8.3/../../../../pic32mx/lib\libpic32.a(vector15.o)
[...]
Memory Configuration

Name             Origin             Length             Attributes
kseg0_program_mem 0x9d002000         0x0001d000         xr
kseg0_boot_mem   0x9d000490         0x00000970
exception_mem    0x9d001000         0x00001000
kseg1_boot_mem   0xbd000000         0x00000490
debug_exec_mem   0xbfc02000         0x00000ff0
config3          0xbfc02ff0         0x00000004
config2          0xbfc02ff4         0x00000004
config1          0xbfc02ff8         0x00000004
config0          0xbfc02ffc         0x00000004
kseg1_data_mem   0xa0000000         0x00004000         w !x
sfrs             0xbf800000         0x00100000
configsfrs       0xbfc02ff0         0x00000010
*default*        0x00000000         0xffffffff

Linker script and memory map

LOAD c:/program files/microchip/xc32/v2.50/bin/bin/../../lib/gcc/pic32mx/4.8.3/../../../../pic32mx/lib\debug-exception-return.o
LOAD build/default/production/_ext/1959175648/AD.o
LOAD build/default/production/_ext/1959175648/BOARD.o
LOAD build/default/production/_ext/1959175648/IO_Ports.o
LOAD build/default/production/_ext/1959175648/LED.o
LOAD build/default/production/_ext/1959175648/pwm.o
LOAD build/default/production/_ext/1959175648/serial.o
LOAD build/default/production/_ext/1959175648/timers.o
LOAD build/default/production/_ext/1959175648/roach.o
LOAD build/default/production/_ext/1959175648/ES_CheckEvents.o
LOAD build/default/production/_ext/1959175648/ES_Framework.o
LOAD build/default/production/_ext/1959175648/ES_PostList.o
LOAD build/default/production/_ext/1959175648/ES_Queue.o
LOAD build/default/production/_ext/1959175648/ES_TattleTale.o
LOAD build/default/production/_ext/1959175648/ES_Timers.o
LOAD build/default/production/_ext/1959175648/ES_KeyboardInput.o
LOAD build/default/production/_ext/786934795/Silly.o
LOAD build/default/production/_ext/786934795/SillyServiceBattery.o
LOAD build/default/production/_ext/786934795/SillyServiceBumper.o
LOAD build/default/production/_ext/786934795/SillyEventChecker.o
LOAD build/default/production/_ext/786934795/ES_Run.o
LOAD build/default/production/_ext/786934795/SillyServiceTape.o
LOAD build/default/production/_ext/786934795/SillyHSM.o
LOAD build/default/production/_ext/786934795/SillyService2kBeacon.o
LOAD build/default/production/_ext/786934795/SillyEvadeSubHSM.o
                0x00000001                __MPLAB_BUILD = 0x1
                0x00000400                PROVIDE (_min_stack_size, 0x400)
START GROUP
LOAD libmchp_peripheral.a
END GROUP
START GROUP
LOAD libmchp_peripheral_32MX320F128H.a
END GROUP
                0x00000001                PROVIDE (_vector_spacing, 0x1)
                0x9d001000                _ebase_address = 0x9d001000
                0xbd000000                _RESET_ADDR = 0xbd000000
                0xbd000380                _BEV_EXCPT_ADDR = 0xbd000380
                0xbd000480                _DBG_EXCPT_ADDR = 0xbd000480
                0xbfc02000                _DBG_CODE_ADDR = 0xbfc02000
                0x00000ff0                _DBG_CODE_SIZE = 0xff0
                0x9d001180                _GEN_EXCPT_ADDR = (_ebase_address + 0x180)

.config_BFC02FF0
 *(.config_BFC02FF0)

.config_BFC02FF4
 *(.config_BFC02FF4)

.config_BFC02FF8
 *(.config_BFC02FF8)

.config_BFC02FFC
 *(.config_BFC02FFC)
                0xbfc02000                PROVIDE (_DBG_CODE_ADDR, 0xbfc02000)
                0x00000ff0                PROVIDE (_DBG_CODE_SIZE, 0xff0)

.reset          0xbd000000      0x19c
 *(.reset)
 .reset         0xbd000000        0x8 C:\Users\leafg\AppData\Local\Temp\ccuR8TkX.o
                0xbd000000                _reset
 *(.reset.startup)
 .reset.startup
                0xbd000008      0x194 C:\Users\leafg\AppData\Local\Temp\ccuR8TkX.o
                0xbd000008                _startup

.bev_excpt      0xbd000380       0x10
 *(.bev_handler)
 .bev_handler   0xbd000380       0x10 C:\Users\leafg\AppData\Local\Temp\ccuR8TkX.o

.dbg_excpt      0xbd000480        0x0
                0xbd000480                . = (. + DEFINED (_DEBUGGER)?0x8:0x0)

.dbg_code       0xbfc02000        0x0
                0xbfc02000                . = (. + DEFINED (_DEBUGGER)?_DBG_CODE_SIZE:0x0)

.app_excpt      0x9d001180       0x10
 *(.gen_handler)
 .gen_handler   0x9d001180       0x10 C:\Users\leafg\AppData\Local\Temp\ccuR8TkX.o

.vector_0       0x9d001200        0x8
 *(.vector_0)
 .vector_0      0x9d001200        0x8 c:/program files/microchip/xc32/v2.50/bin/bin/../../lib/gcc/pic32mx/4.8.3/../../../../pic32mx/lib\libpic32.a(vector0.o)
                0x9d001200                __vector_dispatch_0
                0x00000001                ASSERT (((_vector_spacing == 0x0) || (SIZEOF (.vector_0) <= (_vector_spacing << 0x5))), function at exception vector 0 too large)

.vector_1       0x9d001220        0x8
 *(.vector_1)
 .vector_1      0x9d001220        0x8 c:/program files/microchip/xc32/v2.50/bin/bin/../../lib/gcc/pic32mx/4.8.3/../../../../pic32mx/lib\libpic32.a(vector1.o)
                0x9d001220                __vector_dispatch_1
                0x00000001                ASSERT (((_vector_spacing == 0x0) || (SIZEOF (.vector_1) <= (_vector_spacing << 0x5))), function at exception vector 1 too large)

.vector_2       0x9d001240        0x8
 *(.vector_2)
 .vector_2      0x9d001240        0x8 c:/program files/microchip/xc32/v2.50/bin/bin/../../lib/gcc/pic32mx/4.8.3/../../../../pic32mx/lib\libpic32.a(vector2.o)
                0x9d001240                __vector_dispatch_2
                0x00000001                ASSERT (((_vector_spacing == 0x0) || (SIZEOF (.vector_2) <= (_vector_spacing << 0x5))), function at exception vector 2 too large)

.vector_3       0x9d001260        0x8
 *(.vector_3)
 .vector_3      0x9d001260        0x8 c:/program files/microchip/xc32/v2.50/bin/bin/../../lib/gcc/pic32mx/4.8.3/../../../../pic32mx/lib\libpic32.a(vector3.o)
                0x9d001260                __vector_dispatch_3
                0x00000001                ASSERT (((_vector_spacing == 0x0) || (SIZEOF (.vector_3) <= (_vector_spacing << 0x5))), function at exception vector 3 too large)

.vector_4       0x9d001280        0x8
 *(.vector_4)
 .vector_4      0x9d001280        0x8 build/default/production/_ext/1959175648/ES_Timers.o
                0x9d001280                __vector_dispatch_4
                0x00000001                ASSERT (((_vector_spacing == 0x0) || (SIZEOF (.vector_4) <= (_vector_spacing << 0x5))), function at exception vector 4 too large)

.vector_5       0x9d0012a0        0x8
 *(.vector_5)
 .vector_5      0x9d0012a0        0x8 c:/program files/microchip/xc32/v2.50/bin/bin/../../lib/gcc/pic32mx/4.8.3/../../../../pic32mx/lib\libpic32.a(vector5.o)
                0x9d0012a0                __vector_dispatch_5
                0x00000001                ASSERT (((_vector_spacing == 0x0) || (SIZEOF (.vector_5) <= (_vector_spacing << 0x5))), function at exception vector 5 too large)

.vector_6       0x9d0012c0        0x8
 *(.vector_6)
 .vector_6      0x9d0012c0        0x8 c:/program files/microchip/xc32/v2.50/bin/bin/../../lib/gcc/pic32mx/4.8.3/../../../../pic32mx/lib\libpic32.a(vector6.o)
                0x9d0012c0                __vector_dispatch_6
                0x00000001                ASSERT (((_vector_spacing == 0x0) || (SIZEOF (.vector_6) <= (_vector_spacing << 0x5))), function at exception vector 6 too large)

.vector_7       0x9d0012e0        0x8
 *(.vector_7)
 .vector_7      0x9d0012e0        0x8 c:/program files/microchip/xc32/v2.50/bin/bin/../../lib/gcc/pic32mx/4.8.3/../../../../pic32mx/lib\libpic32.a(vector7.o)
                0x9d0012e0                __vector_dispatch_7
                0x00000001                ASSERT (((_vector_spacing == 0x0) || (SIZEOF (.vector_7) <= (_vector_spacing << 0x5))), function at exception vector 7 too large)

.vector_8       0x9d001300        0x8
 *(.vector_8)
 .vector_8      0x9d001300        0x8 c:/program files/microchip/xc32/v2.50/bin/bin/../../lib/gcc/pic32mx/4.8.3/../../../../pic32mx/lib\libpic32.a(vector8.o)
                0x9d001300                __vector_dispatch_8
                0x00000001                ASSERT (((_vector_spacing == 0x0) || (SIZEOF (.vector_8) <= (_vector_spacing << 0x5))), function at exception vector 8 too large)

.vector_9       0x9d001320        0x8
 *(.vector_9)
 .vector_9      0x9d001320        0x8 c:/program files/microchip/xc32/v2.50/bin/bin/../../lib/gcc/pic32mx/4.8.3/../../../../pic32mx/lib\libpic32.a(vector9.o)
                0x9d001320                __vector_dispatch_9
                0x00000001                ASSERT (((_vector_spacing == 0x0) || (SIZEOF (.vector_9) <= (_vector_spacing << 0x5))), function at exception vector 9 too large)

.vector_10      0x9d001340        0x8
 *(.vector_10)
 .vector_10     0x9d001340        0x8 c:/program files/microchip/xc32/v2.50/bin/bin/../../lib/gcc/pic32mx/4.8.3/../../../../pic32mx/lib\libpic32.a(vector10.o)
                0x9d001340                __vector_dispatch_10
                0x00000001                ASSERT (((_vector_spacing == 0x0) || (SIZEOF (.vector_10) <= (_vector_spacing << 0x5))), function at exception vector 10 too large)

.vector_11      0x9d001360        0x8
 *(.vector_11)
 .vector_11     0x9d001360        0x8 c:/program files/microchip/xc32/v2.50/bin/bin/../../lib/gcc/pic32mx/4.8.3/../../../../pic32mx/lib\libpic32.a(vector11.o)
                0x9d001360                __vector_dispatch_11
                0x00000001                ASSERT (((_vector_spacing == 0x0) || (SIZEOF (.vector_11) <= (_vector_spacing << 0x5))), function at exception vector 11 too large)

.vector_12      0x9d001380        0x8
 *(.vector_12)
 .vector_12     0x9d001380        0x8 c:/program files/microchip/xc32/v2.50/bin/bin/../../lib/gcc/pic32mx/4.8.3/../../../../pic32mx/lib\libpic32.a(vector12.o)
                0x9d001380                __vector_dispatch_12
                0x00000001                ASSERT (((_vector_spacing == 0x0) || (SIZEOF (.vector_12) <= (_vector_spacing << 0x5))), function at exception vector 12 too large)

.vector_13      0x9d0013a0        0x8
 *(.vector_13)
 .vector_13     0x9d0013a0        0x8 c:/program files/microchip/xc32/v2.50/bin/bin/../../lib/gcc/pic32mx/4.8.3/../../../../pic32mx/lib\libpic32.a(vector13.o)
                0x9d0013a0                __vector_dispatch_13
                0x00000001                ASSERT (((_vector_spacing == 0x0) || (SIZEOF (.vector_13) <= (_vector_spacing << 0x5))), function at exception vector 13 too large)

.vector_14      0x9d0013c0        0x8
 *(.vector_14)
 .vector_14     0x9d0013c0        0x8 c:/program files/microchip/xc32/v2.50/bin/bin/../../lib/gcc/pic32mx/4.8.3/../../../../pic32mx/lib\libpic32.a(vector14.o)
                0x9d0013c0                __vector_dispatch_14
                0x00000001                ASSERT (((_vector_spacing == 0x0) || (SIZEOF (.vector_14) <= (_vector_spacing << 0x5))), function at exception vector 14 too large)

.vector_15      0x9d0013e0        0x8
 *(.vector_15)
 .vector_15     0x9d0013e0        0x8 c:/program files/microchip/xc32/v2.50/bin/bin/../../lib/gcc/pic32mx/4.8.3/../../../../pic32mx/lib\libpic32.a(vector15.o)
                0x9d0013e0                __vector_dispatch_15
                0x00000001                ASSERT (((_vector_spacing == 0x0) || (SIZEOF (.vector_15) <= (_vector_spacing << 0x5))), function at exception vector 15 too large)

.vector_16      0x9d001400        0x8
 *(.vector_16)
 .vector_16     0x9d001400        0x8 c:/program files/microchip/xc32/v2.50/bin/bin/../../lib/gcc/pic32mx/4.8.3/../../../../pic32mx/lib\libpic32.a(vector16.o)
                0x9d001400                __vector_dispatch_16
                0x00000001                ASSERT (((_vector_spacing == 0x0) || (SIZEOF (.vector_16) <= (_vector_spacing << 0x5))), function at exception vector 16 too large)

.vector_17      0x9d001420        0x8
 *(.vector_17)
 .vector_17     0x9d001420        0x8 c:/program files/microchip/xc32/v2.50/bin/bin/../../lib/gcc/pic32mx/4.8.3/../../../../pic32mx/lib\libpic32.a(vector17.o)
                0x9d001420                __vector_dispatch_17
                0x00000001                ASSERT (((_vector_spacing == 0x0) || (SIZEOF (.vector_17) <= (_vector_spacing << 0x5))), function at exception vector 17 too large)

.vector_18      0x9d001440        0x8
 *(.vector_18)
 .vector_18     0x9d001440        0x8 c:/program files/microchip/xc32/v2.50/bin/bin/../../lib/gcc/pic32mx/4.8.3/../../../../pic32mx/lib\libpic32.a(vector18.o)
                0x9d001440                __vector_dispatch_18
                0x00000001                ASSERT (((_vector_spacing == 0x0) || (SIZEOF (.vector_18) <= (_vector_spacing << 0x5))), function at exception vector 18 too large)

.vector_19      0x9d001460        0x8
 *(.vector_19)
 .vector_19     0x9d001460        0x8 c:/program files/microchip/xc32/v2.50/bin/bin/../../lib/gcc/pic32mx/4.8.3/../../../../pic32mx/lib\libpic32.a(vector19.o)
                0x9d001460                __vector_dispatch_19
                0x00000001                ASSERT (((_vector_spacing == 0x0) || (SIZEOF (.vector_19) <= (_vector_spacing << 0x5))), function at exception vector 19 too large)

.vector_20      0x9d001480        0x8
 *(.vector_20)
 .vector_20     0x9d001480        0x8 build/default/production/_ext/1959175648/timers.o
                0x9d001480                __vector_dispatch_20
                0x00000001                ASSERT (((_vector_spacing == 0x0) || (SIZEOF (.vector_20) <= (_vector_spacing << 0x5))), function at exception vector 20 too large)

.vector_21      0x9d0014a0        0x8
 *(.vector_21)
 .vector_21     0x9d0014a0        0x8 c:/program files/microchip/xc32/v2.50/bin/bin/../../lib/gcc/pic32mx/4.8.3/../../../../pic32mx/lib\libpic32.a(vector21.o)
                0x9d0014a0                __vector_dispatch_21
                0x00000001                ASSERT (((_vector_spacing == 0x0) || (SIZEOF (.vector_21) <= (_vector_spacing << 0x5))), function at exception vector 21 too large)

.vector_22      0x9d0014c0        0x8
 *(.vector_22)
 .vector_22     0x9d0014c0        0x8 c:/program files/microchip/xc32/v2.50/bin/bin/../../lib/gcc/pic32mx/4.8.3/../../../../pic32mx/lib\libpic32.a(vector22.o)
                0x9d0014c0                __vector_dispatch_22
                0x00000001                ASSERT (((_vector_spacing == 0x0) || (SIZEOF (.vector_22) <= (_vector_spacing << 0x5))), function at exception vector 22 too large)

.vector_23      0x9d0014e0        0x8
 *(.vector_23)
 .vector_23     0x9d0014e0        0x8 c:/program files/microchip/xc32/v2.50/bin/bin/../../lib/gcc/pic32mx/4.8.3/../../../../pic32mx/lib\libpic32.a(vector23.o)
                0x9d0014e0                __vector_dispatch_23
                0x00000001                ASSERT (((_vector_spacing == 0x0) || (SIZEOF (.vector_23) <= (_vector_spacing << 0x5))), function at exception vector 23 too large)

.vector_24      0x9d001500        0x8
 *(.vector_24)
 .vector_24     0x9d001500        0x8 build/default/production/_ext/1959175648/serial.o
                0x9d001500                __vector_dispatch_24
                0x00000001                ASSERT (((_vector_spacing == 0x0) || (SIZEOF (.vector_24) <= (_vector_spacing << 0x5))), function at exception vector 24 too large)

.vector_25      0x9d001520        0x8
 *(.vector_25)
 .vector_25     0x9d001520        0x8 c:/program files/microchip/xc32/v2.50/bin/bin/../../lib/gcc/pic32mx/4.8.3/../../../../pic32mx/lib\libpic32.a(vector25.o)
                0x9d001520                __vector_dispatch_25
                0x00000001                ASSERT (((_vector_spacing == 0x0) || (SIZEOF (.vector_25) <= (_vector_spacing << 0x5))), function at exception vector 25 too large)

.vector_26      0x9d001540        0x8
 *(.vector_26)
 .vector_26     0x9d001540        0x8 c:/program files/microchip/xc32/v2.50/bin/bin/../../lib/gcc/pic32mx/4.8.3/../../../../pic32mx/lib\libpic32.a(vector26.o)
                0x9d001540                __vector_dispatch_26
                0x00000001                ASSERT (((_vector_spacing == 0x0) || (SIZEOF (.vector_26) <= (_vector_spacing << 0x5))), function at exception vector 26 too large)

.vector_27      0x9d001560        0x8
 *(.vector_27)
 .vector_27     0x9d001560        0x8 build/default/production/_ext/1959175648/AD.o
                0x9d001560                __vector_dispatch_27
                0x00000001                ASSERT (((_vector_spacing == 0x0) || (SIZEOF (.vector_27) <= (_vector_spacing << 0x5))), function at exception vector 27 too large)

.vector_28      0x9d001580        0x8
 *(.vector_28)
 .vector_28     0x9d001580        0x8 c:/program files/microchip/xc32/v2.50/bin/bin/../../lib/gcc/pic32mx/4.8.3/../../../../pic32mx/lib\libpic32.a(vector28.o)
                0x9d001580                __vector_dispatch_28
                0x00000001                ASSERT (((_vector_spacing == 0x0) || (SIZEOF (.vector_28) <= (_vector_spacing << 0x5))), function at exception vector 28 too large)

.vector_29      0x9d0015a0        0x8
 *(.vector_29)
 .vector_29     0x9d0015a0        0x8 c:/program files/microchip/xc32/v2.50/bin/bin/../../lib/gcc/pic32mx/4.8.3/../../../../pic32mx/lib\libpic32.a(vector29.o)
                0x9d0015a0                __vector_dispatch_29
                0x00000001                ASSERT (((_vector_spacing == 0x0) || (SIZEOF (.vector_29) <= (_vector_spacing << 0x5))), function at exception vector 29 too large)

.vector_30      0x9d0015c0        0x8
 *(.vector_30)
 .vector_30     0x9d0015c0        0x8 c:/program files/microchip/xc32/v2.50/bin/bin/../../lib/gcc/pic32mx/4.8.3/../../../../pic32mx/lib\libpic32.a(vector30.o)
                0x9d0015c0                __vector_dispatch_30
                0x00000001                ASSERT (((_vector_spacing == 0x0) || (SIZEOF (.vector_30) <= (_vector_spacing << 0x5))), function at exception vector 30 too large)

.vector_31      0x9d0015e0        0x8
 *(.vector_31)
 .vector_31     0x9d0015e0        0x8 c:/program files/microchip/xc32/v2.50/bin/bin/../../lib/gcc/pic32mx/4.8.3/../../../../pic32mx/lib\libpic32.a(vector31.o)
                0x9d0015e0                __vector_dispatch_31
                0x00000001                ASSERT (((_vector_spacing == 0x0) || (SIZEOF (.vector_31) <= (_vector_spacing << 0x5))), function at exception vector 31 too large)

.vector_32      0x9d001600        0x8
 *(.vector_32)
 .vector_32     0x9d001600        0x8 c:/program files/microchip/xc32/v2.50/bin/bin/../../lib/gcc/pic32mx/4.8.3/../../../../pic32mx/lib\libpic32.a(vector32.o)
                0x9d001600                __vector_dispatch_32
                0x00000001                ASSERT (((_vector_spacing == 0x0) || (SIZEOF (.vector_32) <= (_vector_spacing << 0x5))), function at exception vector 32 too large)

.vector_33      0x9d001620        0x8
 *(.vector_33)
 .vector_33     0x9d001620        0x8 c:/program files/microchip/xc32/v2.50/bin/bin/../../lib/gcc/pic32mx/4.8.3/../../../../pic32mx/lib\libpic32.a(vector33.o)
                0x9d001620                __vector_dispatch_33
                0x00000001                ASSERT (((_vector_spacing == 0x0) || (SIZEOF (.vector_33) <= (_vector_spacing << 0x5))), function at exception vector 33 too large)

.vector_34      0x9d001640        0x8
 *(.vector_34)
 .vector_34     0x9d001640        0x8 c:/program files/microchip/xc32/v2.50/bin/bin/../../lib/gcc/pic32mx/4.8.3/../../../../pic32mx/lib\libpic32.a(vector34.o)
                0x9d001640                __vector_dispatch_34
                0x00000001                ASSERT (((_vector_spacing == 0x0) || (SIZEOF (.vector_34) <= (_vector_spacing << 0x5))), function at exception vector 34 too large)

.vector_35      0x9d001660        0x8
 *(.vector_35)
 .vector_35     0x9d001660        0x8 c:/program files/microchip/xc32/v2.50/bin/bin/../../lib/gcc/pic32mx/4.8.3/../../../../pic32mx/lib\libpic32.a(vector35.o)
                0x9d001660                __vector_dispatch_35
                0x00000001                ASSERT (((_vector_spacing == 0x0) || (SIZEOF (.vector_35) <= (_vector_spacing << 0x5))), function at exception vector 35 too large)

.vector_36      0x9d001680        0x8
 *(.vector_36)
 .vector_36     0x9d001680        0x8 c:/program files/microchip/xc32/v2.50/bin/bin/../../lib/gcc/pic32mx/4.8.3/../../../../pic32mx/lib\libpic32.a(vector36.o)
                0x9d001680                __vector_dispatch_36
                0x00000001                ASSERT (((_vector_spacing == 0x0) || (SIZEOF (.vector_36) <= (_vector_spacing << 0x5))), function at exception vector 36 too large)

.vector_37      0x9d0016a0        0x8
 *(.vector_37)
 .vector_37     0x9d0016a0        0x8 c:/program files/microchip/xc32/v2.50/bin/bin/../../lib/gcc/pic32mx/4.8.3/../../../../pic32mx/lib\libpic32.a(vector37.o)
                0x9d0016a0                __vector_dispatch_37
                0x00000001                ASSERT (((_vector_spacing == 0x0) || (SIZEOF (.vector_37) <= (_vector_spacing << 0x5))), function at exception vector 37 too large)

.vector_38      0x9d0016c0        0x8
 *(.vector_38)
 .vector_38     0x9d0016c0        0x8 c:/program files/microchip/xc32/v2.50/bin/bin/../../lib/gcc/pic32mx/4.8.3/../../../../pic32mx/lib\libpic32.a(vector38.o)
                0x9d0016c0                __vector_dispatch_38
                0x00000001                ASSERT (((_vector_spacing == 0x0) || (SIZEOF (.vector_38) <= (_vector_spacing << 0x5))), function at exception vector 38 too large)

.vector_39      0x9d0016e0        0x8
 *(.vector_39)
 .vector_39     0x9d0016e0        0x8 c:/program files/microchip/xc32/v2.50/bin/bin/../../lib/gcc/pic32mx/4.8.3/../../../../pic32mx/lib\libpic32.a(vector39.o)
                0x9d0016e0                __vector_dispatch_39
                0x00000001                ASSERT (((_vector_spacing == 0x0) || (SIZEOF (.vector_39) <= (_vector_spacing << 0x5))), function at exception vector 39 too large)

.vector_40      0x9d001700        0x8
 *(.vector_40)
 .vector_40     0x9d001700        0x8 c:/program files/microchip/xc32/v2.50/bin/bin/../../lib/gcc/pic32mx/4.8.3/../../../../pic32mx/lib\libpic32.a(vector40.o)
                0x9d001700                __vector_dispatch_40
                0x00000001                ASSERT (((_vector_spacing == 0x0) || (SIZEOF (.vector_40) <= (_vector_spacing << 0x5))), function at exception vector 40 too large)

.vector_41      0x9d001720        0x8
 *(.vector_41)
 .vector_41     0x9d001720        0x8 c:/program files/microchip/xc32/v2.50/bin/bin/../../lib/gcc/pic32mx/4.8.3/../../../../pic32mx/lib\libpic32.a(vector41.o)
                0x9d001720                __vector_dispatch_41
                0x00000001                ASSERT (((_vector_spacing == 0x0) || (SIZEOF (.vector_41) <= (_vector_spacing << 0x5))), function at exception vector 41 too large)

.vector_42      0x9d001740        0x8
 *(.vector_42)
 .vector_42     0x9d001740        0x8 c:/program files/microchip/xc32/v2.50/bin/bin/../../lib/gcc/pic32mx/4.8.3/../../../../pic32mx/lib\libpic32.a(vector42.o)
                0x9d001740                __vector_dispatch_42
                0x00000001                ASSERT (((_vector_spacing == 0x0) || (SIZEOF (.vector_42) <= (_vector_spacing << 0x5))), function at exception vector 42 too large)

.vector_43      0x9d001760        0x8
 *(.vector_43)
 .vector_43     0x9d001760        0x8 c:/program files/microchip/xc32/v2.50/bin/bin/../../lib/gcc/pic32mx/4.8.3/../../../../pic32mx/lib\libpic32.a(vector43.o)
                0x9d001760                __vector_dispatch_43
                0x00000001                ASSERT (((_vector_spacing == 0x0) || (SIZEOF (.vector_43) <= (_vector_spacing << 0x5))), function at exception vector 43 too large)

.vector_44      0x9d001780        0x8
 *(.vector_44)
 .vector_44     0x9d001780        0x8 c:/program files/microchip/xc32/v2.50/bin/bin/../../lib/gcc/pic32mx/4.8.3/../../../../pic32mx/lib\libpic32.a(vector44.o)
                0x9d001780                __vector_dispatch_44
                0x00000001                ASSERT (((_vector_spacing == 0x0) || (SIZEOF (.vector_44) <= (_vector_spacing << 0x5))), function at exception vector 44 too large)

.vector_45      0x9d0017a0        0x0
 *(.vector_45)
                0x00000001                ASSERT (((_vector_spacing == 0x0) || (SIZEOF (.vector_45) <= (_vector_spacing << 0x5))), function at exception vector 45 too large)

.vector_46      0x9d0017c0        0x0
 *(.vector_46)
                0x00000001                ASSERT (((_vector_spacing == 0x0) || (SIZEOF (.vector_46) <= (_vector_spacing << 0x5))), function at exception vector 46 too large)

.vector_47      0x9d0017e0        0x0
 *(.vector_47)
                0x00000001                ASSERT (((_vector_spacing == 0x0) || (SIZEOF (.vector_47) <= (_vector_spacing << 0x5))), function at exception vector 47 too large)

.vector_48      0x9d001800        0x0
 *(.vector_48)
                0x00000001                ASSERT (((_vector_spacing == 0x0) || (SIZEOF (.vector_48) <= (_vector_spacing << 0x5))), function at exception vector 48 too large)

.vector_49      0x9d001820        0x0
 *(.vector_49)
                0x00000001                ASSERT (((_vector_spacing == 0x0) || (SIZEOF (.vector_49) <= (_vector_spacing << 0x5))), function at exception vector 49 too large)

.vector_50      0x9d001840        0x0
 *(.vector_50)
                0x00000001                ASSERT (((_vector_spacing == 0x0) || (SIZEOF (.vector_50) <= (_vector_spacing << 0x5))), function at exception vector 50 too large)

.vector_51      0x9d001860        0x0
 *(.vector_51)
                0x00000001                ASSERT (((_vector_spacing == 0x0) || (SIZEOF (.vector_51) <= (_vector_spacing << 0x5))), function at exception vector 51 too large)

.vector_52      0x9d001880        0x0
 *(.vector_52)
                0x00000001                ASSERT (((_vector_spacing == 0x0) || (SIZEOF (.vector_52) <= (_vector_spacing << 0x5))), function at exception vector 52 too large)

.vector_53      0x9d0018a0        0x0
 *(.vector_53)
                0x00000001                ASSERT (((_vector_spacing == 0x0) || (SIZEOF (.vector_53) <= (_vector_spacing << 0x5))), function at exception vector 53 too large)

.vector_54      0x9d0018c0        0x0
 *(.vector_54)
                0x00000001                ASSERT (((_vector_spacing == 0x0) || (SIZEOF (.vector_54) <= (_vector_spacing << 0x5))), function at exception vector 54 too large)

.vector_55      0x9d0018e0        0x0
 *(.vector_55)
                0x00000001                ASSERT (((_vector_spacing == 0x0) || (SIZEOF (.vector_55) <= (_vector_spacing << 0x5))), function at exception vector 55 too large)

.vector_56      0x9d001900        0x0
 *(.vector_56)
                0x00000001                ASSERT (((_vector_spacing == 0x0) || (SIZEOF (.vector_56) <= (_vector_spacing << 0x5))), function at exception vector 56 too large)

.vector_57      0x9d001920        0x0
 *(.vector_57)
                0x00000001                ASSERT (((_vector_spacing == 0x0) || (SIZEOF (.vector_57) <= (_vector_spacing << 0x5))), function at exception vector 57 too large)

.vector_58      0x9d001940        0x0
 *(.vector_58)
                0x00000001                ASSERT (((_vector_spacing == 0x0) || (SIZEOF (.vector_58) <= (_vector_spacing << 0x5))), function at exception vector 58 too large)

.vector_59      0x9d001960        0x0
 *(.vector_59)
                0x00000001                ASSERT (((_vector_spacing == 0x0) || (SIZEOF (.vector_59) <= (_vector_spacing << 0x5))), function at exception vector 59 too large)

.vector_60      0x9d001980        0x0
 *(.vector_60)
                0x00000001                ASSERT (((_vector_spacing == 0x0) || (SIZEOF (.vector_60) <= (_vector_spacing << 0x5))), function at exception vector 60 too large)

.vector_61      0x9d0019a0        0x0
 *(.vector_61)
                0x00000001                ASSERT (((_vector_spacing == 0x0) || (SIZEOF (.vector_61) <= (_vector_spacing << 0x5))), function at exception vector 61 too large)

.vector_62      0x9d0019c0        0x0
 *(.vector_62)
                0x00000001                ASSERT (((_vector_spacing == 0x0) || (SIZEOF (.vector_62) <= (_vector_spacing << 0x5))), function at exception vector 62 too large)

.vector_63      0x9d0019e0        0x0
 *(.vector_63)
                0x00000001                ASSERT (((_vector_spacing == 0x0) || (SIZEOF (.vector_63) <= (_vector_spacing << 0x5))), function at exception vector 63 too large)

.startup
 *(.startup)

.text           0x9d002000        0x0
 *(.stub .gnu.linkonce.t.*)
 *(.text.*personality*)
 *(.mips16.fn.*)
 *(.mips16.call.*)
 *(.gnu.warning)
                0x9d002000                . = ALIGN (0x4)

.init           0x9d002000        0x0
 *crti.o(.init)
 *crtbegin.o(.init)
 *(EXCLUDE_FILE(*crtn.o *crtend?.o *crtend.o) .init)
 *crtend.o(.init)
 *crtn.o(.init)
                0x9d002000                . = ALIGN (0x4)

.fini           0x9d002000        0x0
 *(.fini)
                0x9d002000                . = ALIGN (0x4)

.preinit_array  0x9d002000        0x0
                0x9d002000                PROVIDE (__preinit_array_start, .)
 *(.preinit_array)
                0x9d002000                PROVIDE (__preinit_array_end, .)
                0x9d002000                . = ALIGN (0x4)

.init_array     0x9d002000        0x0
                0x9d002000                PROVIDE (__init_array_start, .)
 *(SORT(.init_array.*))
 *(.init_array)
                0x9d002000                PROVIDE (__init_array_end, .)
                0x9d002000                . = ALIGN (0x4)

.fini_array     0x9d002000        0x0
                0x9d002000                PROVIDE (__fini_array_start, .)
 *(SORT(.fini_array.*))
 *(.fini_array)
                0x9d002000                PROVIDE (__fini_array_end, .)
                0x9d002000                . = ALIGN (0x4)

.ctors          0x9d002000        0x0
 *crtbegin.o(.ctors)
 *crtbegin?.o(.ctors)
 *(EXCLUDE_FILE(*crtend?.o *crtend.o) .ctors)
 *(SORT(.ctors.*))
 *(.ctors)
                0x9d002000                . = ALIGN (0x4)

.dtors          0x9d002000        0x0
 *crtbegin.o(.dtors)
 *crtbegin?.o(.dtors)
 *(EXCLUDE_FILE(*crtend?.o *crtend.o) .dtors)
 *(SORT(.dtors.*))
 *(.dtors)
                0x9d002000                . = ALIGN (0x4)

.rodata         0x9d002000        0x0
 *(.gnu.linkonce.r.*)
 *(.rodata1)
                0x9d002000                . = ALIGN (0x4)

.sdata2         0x9d000490        0x0
 *(.sdata2 .sdata2.* .gnu.linkonce.s2.*)
                0x9d000490                . = ALIGN (0x4)

.sbss2          0x9d000490        0x0
 *(.sbss2 .sbss2.* .gnu.linkonce.sb2.*)
                0x9d000490                . = ALIGN (0x4)

.eh_frame_hdr
 *(.eh_frame_hdr)
                0x9d000490                . = ALIGN (0x4)

.eh_frame
 *(.eh_frame)
                0x9d000490                . = ALIGN (0x4)

.gcc_except_table
 *(.gcc_except_table .gcc_except_table.*)
                0x9d000490                . = ALIGN (0x4)

.dbg_data       0xa0000000        0x0
                0xa0000000                . = (. + DEFINED (_DEBUGGER)?0x200:0x0)

.jcr            0xa0000000        0x0
 *(.jcr)
                0xa0000000                . = ALIGN (0x4)

.eh_frame
 *(.eh_frame)
                0xa0000000                . = ALIGN (0x4)

.gcc_except_table
 *(.gcc_except_table .gcc_except_table.*)
                0xa0000000                . = ALIGN (0x4)

.persist        0xa0000000        0x0
                0xa0000000                _persist_begin = .
 *(.persist .persist.*)
 *(.pbss .pbss.*)
                0xa0000000                . = ALIGN (0x4)
                0xa0000000                _persist_end = .

.data           0xa0000000        0x0
 *(.gnu.linkonce.d.*)
 *(.data1)
                0xa0000000                . = ALIGN (0x4)
                0xa0000000                . = .
                0xa0007ff0                _gp = (ALIGN (0x10) + 0x7ff0)

.got            0xa0000000        0x0
 *(.got.plt)
 *(.got)
                0xa0000000                . = ALIGN (0x4)

.sdata          0xa0000000       0x24
                0xa0000000                _sdata_begin = .
 *(.sdata .sdata.* .gnu.linkonce.s.*)
 .sdata         0xa0000000        0x4 build/default/production/_ext/1959175648/AD.o
 .sdata         0xa0000004        0x4 build/default/production/_ext/786934795/SillyServiceBattery.o
 .sdata         0xa0000008        0x4 build/default/production/_ext/786934795/SillyServiceBumper.o
 .sdata         0xa000000c        0xc build/default/production/_ext/786934795/SillyEventChecker.o
 .sdata         0xa0000018        0x4 build/default/production/_ext/786934795/SillyServiceTape.o
 .sdata         0xa000001c        0x4 build/default/production/_ext/786934795/SillyService2kBeacon.o
 .sdata         0xa0000020        0x4 c:/program files/microchip/xc32/v2.50/bin/bin/../../lib/gcc/pic32mx/4.8.3/../../../../pic32mx/lib\liblega-c.a(_iobdata.o)
                0xa0000020                _libc_data
                0xa0000024                . = ALIGN (0x4)
                0xa0000024                _sdata_end = .

.lit8
 *(.lit8)

.lit4
 *(.lit4)
                0xa0000024                . = ALIGN (0x4)
                0xa0000024                _data_end = .
                0xa0000024                _bss_begin = .

.sbss           0xa0000024       0xc8
                0xa0000024                _sbss_begin = .
 *(.dynsbss)
 *(.sbss .sbss.* .gnu.linkonce.sb.*)
 .sbss          0xa0000024       0x24 build/default/production/_ext/1959175648/AD.o
 .sbss          0xa0000048        0x2 build/default/production/_ext/1959175648/LED.o
 *fill*         0xa000004a        0x2 
 .sbss          0xa000004c        0xc build/default/production/_ext/1959175648/pwm.o
 .sbss          0xa0000058       0x10 build/default/production/_ext/1959175648/serial.o
 .sbss          0xa0000068        0xc build/default/production/_ext/1959175648/timers.o
 .sbss          0xa0000074        0x8 build/default/production/_ext/1959175648/ES_Framework.o
 .sbss          0xa000007c        0x4 build/default/production/_ext/1959175648/ES_TattleTale.o
 .sbss          0xa0000080       0x30 build/default/production/_ext/1959175648/ES_Timers.o
 .sbss          0xa00000b0        0x1 build/default/production/_ext/1959175648/ES_KeyboardInput.o
 .sbss          0xa00000b1        0x1 build/default/production/_ext/786934795/SillyServiceBattery.o
 .sbss          0xa00000b2        0x1 build/default/production/_ext/786934795/SillyServiceBumper.o
 .sbss          0xa00000b3        0x1 build/default/production/_ext/786934795/SillyServiceTape.o
 .sbss          0xa00000b4       0x14 build/default/production/_ext/786934795/SillyHSM.o
 .sbss          0xa00000c8        0x1 build/default/production/_ext/786934795/SillyService2kBeacon.o
 *fill*         0xa00000c9        0x3 
 .sbss          0xa00000cc        0x8 build/default/production/_ext/786934795/SillyEvadeSubHSM.o
 .sbss          0xa00000d4        0x4 c:/program files/microchip/xc32/v2.50/bin/bin/../../lib/gcc/pic32mx/4.8.3/../../../../pic32mx/lib\liblega-c.a(errno.o)
                0xa00000d4                errno
 *(.scommon)
 .scommon       0xa00000d8        0x1 build/default/production/_ext/1959175648/ES_Framework.o
                0xa00000d8                Ready
 *fill*         0xa00000d9        0x3 
 .scommon       0xa00000dc       0x10 build/default/production/_ext/786934795/Silly.o
                0xa00000dc                Beacon_2k
                0xa00000e0                direction
                0xa00000e2                motor_signal
                0xa00000e4                pot_val
                0xa00000e8                prev_direction
                0xa00000ea                duty
                0xa00000ec                _sbss_end = .
                0xa00000ec                . = ALIGN (0x4)

.bss            0xa00000ec        0x0
 *(.dynbss)
 *(COMMON)
                0xa00000ec                . = ALIGN ((. != 0x0)?0x4:0x1)
                0xa00000ec                . = ALIGN (0x4)
                0xa00000ec                _end = .
                0xa00000ec                _bss_end = .
                0x00004000                _bmxdudba_address = 0x4000
                0x00004000                _bmxdupba_address = 0x4000

/DISCARD/
 *(.pdr)
 *(.rel.dyn)
 *(.note.GNU-stack)
 *(.note.GNU-stack)
 *(.gnu_debuglink)
 *(.gnu.lto_*)
 *(.discard)

.gptab.sdata
 *(.gptab.data)
 *(.gptab.sdata)

.gptab.sbss
 *(.gptab.bss)
 *(.gptab.sbss)

.mdebug.abi32   0xa00000ec        0x0
 *(.mdebug.abi32)
 .mdebug.abi32  0xa00000ec        0x0 build/default/production/_ext/1959175648/AD.o
 .mdebug.abi32  0xa00000ec        0x0 build/default/production/_ext/1959175648/BOARD.o
 .mdebug.abi32  0xa00000ec        0x0 build/default/production/_ext/1959175648/IO_Ports.o
 .mdebug.abi32  0xa00000ec        0x0 build/default/production/_ext/1959175648/LED.o
 .mdebug.abi32  0xa00000ec        0x0 build/default/production/_ext/1959175648/pwm.o
 .mdebug.abi32  0xa00000ec        0x0 build/default/production/_ext/1959175648/serial.o
 .mdebug.abi32  0xa00000ec        0x0 build/default/production/_ext/1959175648/timers.o
 .mdebug.abi32  0xa00000ec        0x0 build/default/production/_ext/1959175648/roach.o
 .mdebug.abi32  0xa00000ec        0x0 build/default/production/_ext/1959175648/ES_CheckEvents.o
 .mdebug.abi32  0xa00000ec        0x0 build/default/production/_ext/1959175648/ES_Framework.o
 .mdebug.abi32  0xa00000ec        0x0 build/default/production/_ext/1959175648/ES_PostList.o
 .mdebug.abi32  0xa00000ec        0x0 build/default/production/_ext/1959175648/ES_Queue.o
 .mdebug.abi32  0xa00000ec        0x0 build/default/production/_ext/1959175648/ES_TattleTale.o
 .mdebug.abi32  0xa00000ec        0x0 build/default/production/_ext/1959175648/ES_Timers.o
 .mdebug.abi32  0xa00000ec        0x0 build/default/production/_ext/1959175648/ES_KeyboardInput.o
 .mdebug.abi32  0xa00000ec        0x0 build/default/production/_ext/786934795/Silly.o
 .mdebug.abi32  0xa00000ec        0x0 build/default/production/_ext/786934795/SillyServiceBattery.o
 .mdebug.abi32  0xa00000ec        0x0 build/default/production/_ext/786934795/SillyServiceBumper.o
 .mdebug.abi32  0xa00000ec        0x0 build/default/production/_ext/786934795/SillyEventChecker.o
 .mdebug.abi32  0xa00000ec        0x0 build/default/production/_ext/786934795/ES_Run.o
 .mdebug.abi32  0xa00000ec        0x0 build/default/production/_ext/786934795/SillyServiceTape.o
 .mdebug.abi32  0xa00000ec        0x0 build/default/production/_ext/786934795/SillyHSM.o
 .mdebug.abi32  0xa00000ec        0x0 build/default/production/_ext/786934795/SillyService2kBeacon.o
 .mdebug.abi32  0xa00000ec        0x0 build/default/production/_ext/786934795/SillyEvadeSubHSM.o
 .mdebug.abi32  0xa00000ec        0x0 c:/program files/microchip/xc32/v2.50/bin/bin/../../lib/gcc/pic32mx/4.8.3\libgcc.a(floatunsisf.o)
 .mdebug.abi32  0xa00000ec        0x0 c:/program files/microchip/xc32/v2.50/bin/bin/../../lib/gcc/pic32mx/4.8.3/../../../../pic32mx/lib\libpic32.a(default-bootstrap-exception-handler.o)
 .mdebug.abi32  0xa00000ec        0x0 c:/program files/microchip/xc32/v2.50/bin/bin/../../lib/gcc/pic32mx/4.8.3/../../../../pic32mx/lib\libpic32.a(default-on-reset.o)
 .mdebug.abi32  0xa00000ec        0x0 c:/program files/microchip/xc32/v2.50/bin/bin/../../lib/gcc/pic32mx/4.8.3/../../../../pic32mx/lib\libpic32.a(default-on-bootstrap.o)
 .mdebug.abi32  0xa00000ec        0x0 c:/program files/microchip/xc32/v2.50/bin/bin/../../lib/gcc/pic32mx/4.8.3/../../../../pic32mx/lib\libpic32.a(default-general-exception-handler.o)
 .mdebug.abi32  0xa00000ec        0x0 c:/program files/microchip/xc32/v2.50/bin/bin/../../lib/gcc/pic32mx/4.8.3/../../../../pic32mx/lib\libpic32.a(defaultinterrupt.o)
 .mdebug.abi32  0xa00000ec        0x0 c:/program files/microchip/xc32/v2.50/bin/bin/../../lib/gcc/pic32mx/4.8.3/../../../../pic32mx/lib\liblega-c.a(fputc.o)
 .mdebug.abi32  0xa00000ec        0x0 c:/program files/microchip/xc32/v2.50/bin/bin/../../lib/gcc/pic32mx/4.8.3/../../../../pic32mx/lib\liblega-c.a(fputs.o)
 .mdebug.abi32  0xa00000ec        0x0 c:/program files/microchip/xc32/v2.50/bin/bin/../../lib/gcc/pic32mx/4.8.3/../../../../pic32mx/lib\liblega-c.a(printf_cdnopsuxX.eo)
 .mdebug.abi32  0xa00000ec        0x0 c:/program files/microchip/xc32/v2.50/bin/bin/../../lib/gcc/pic32mx/4.8.3/../../../../pic32mx/lib\liblega-c.a(strlen.o)
 .mdebug.abi32  0xa00000ec        0x0 c:/program files/microchip/xc32/v2.50/bin/bin/../../lib/gcc/pic32mx/4.8.3/../../../../pic32mx/lib\liblega-c.a(_doprnt_cdnopsuxX.eo)
 .mdebug.abi32  0xa00000ec        0x0 c:/program files/microchip/xc32/v2.50/bin/bin/../../lib/gcc/pic32mx/4.8.3/../../../../pic32mx/lib\liblega-c.a(_iobdata.o)
 .mdebug.abi32  0xa00000ec        0x0 c:/program files/microchip/xc32/v2.50/bin/bin/../../lib/gcc/pic32mx/4.8.3/../../../../pic32mx/lib\liblega-c.a(_iobfuncs.o)
 .mdebug.abi32  0xa00000ec        0x0 c:/program files/microchip/xc32/v2.50/bin/bin/../../lib/gcc/pic32mx/4.8.3/../../../../pic32mx/lib\liblega-c.a(errno.o)
 .mdebug.abi32  0xa00000ec        0x0 c:/program files/microchip/xc32/v2.50/bin/bin/../../lib/gcc/pic32mx/4.8.3\libgcc.a(_udivdi3.o)
 .mdebug.abi32  0xa00000ec        0x0 c:/program files/microchip/xc32/v2.50/bin/bin/../../lib/gcc/pic32mx/4.8.3\libgcc.a(_umoddi3.o)
 .mdebug.abi32  0xa00000ec        0x0 c:/program files/microchip/xc32/v2.50/bin/bin/../../lib/gcc/pic32mx/4.8.3/../../../../pic32mx/lib\libpic32.a(_mon_write.o)

.mdebug.abiN32
 *(.mdebug.abiN32)

.mdebug.abi64
 *(.mdebug.abi64)

.mdebug.abiO64
 *(.mdebug.abiO64)

.mdebug.eabi32
 *(.mdebug.eabi32)

.mdebug.eabi64
 *(.mdebug.eabi64)

.gcc_compiled_long32
 *(.gcc_compiled_long32)

.gcc_compiled_long64
 *(.gcc_compiled_long64)

.stab
 *(.stab)

.stabstr
 *(.stabstr)

.stab.excl
 *(.stab.excl)

.stab.exclstr
 *(.stab.exclstr)

.stab.index
 *(.stab.index)

.stab.indexstr
 *(.stab.indexstr)

.comment        0x00000000      0x2c3
 *(.comment)
 .comment       0x00000000       0x3c build/default/production/_ext/1959175648/AD.o
                                 0x3d (size before relaxing)
 .comment       0x00000000       0x3d build/default/production/_ext/1959175648/BOARD.o
 .comment       0x00000000       0x3d build/default/production/_ext/1959175648/IO_Ports.o
 .comment       0x00000000       0x3d build/default/production/_ext/1959175648/LED.o
 .comment       0x00000000       0x3d build/default/production/_ext/1959175648/pwm.o
 .comment       0x00000000       0x3d build/default/production/_ext/1959175648/serial.o
 .comment       0x00000000       0x3d build/default/production/_ext/1959175648/timers.o
 .comment       0x00000000       0x3d build/default/production/_ext/1959175648/roach.o
 .comment       0x00000000       0x3d build/default/production/_ext/1959175648/ES_CheckEvents.o
 .comment       0x00000000       0x3d build/default/production/_ext/1959175648/ES_Framework.o
 .comment       0x00000000       0x3d build/default/production/_ext/1959175648/ES_PostList.o
 .comment       0x00000000       0x3d build/default/production/_ext/1959175648/ES_Queue.o
 .comment       0x00000000       0x3d build/default/production/_ext/1959175648/ES_TattleTale.o
 .comment       0x00000000       0x3d build/default/production/_ext/1959175648/ES_Timers.o
 .comment       0x00000000       0x3d build/default/production/_ext/1959175648/ES_KeyboardInput.o
 .comment       0x00000000       0x3d build/default/production/_ext/786934795/Silly.o
 .comment       0x00000000       0x3d build/default/production/_ext/786934795/SillyServiceBattery.o
 .comment       0x00000000       0x3d build/default/production/_ext/786934795/SillyServiceBumper.o
 .comment       0x00000000       0x3d build/default/production/_ext/786934795/SillyEventChecker.o
 .comment       0x00000000       0x3d build/default/production/_ext/786934795/ES_Run.o
 .comment       0x00000000       0x3d build/default/production/_ext/786934795/SillyServiceTape.o
 .comment       0x00000000       0x3d build/default/production/_ext/786934795/SillyHSM.o
 .comment       0x00000000       0x3d build/default/production/_ext/786934795/SillyService2kBeacon.o
 .comment       0x00000000       0x3d build/default/production/_ext/786934795/SillyEvadeSubHSM.o
 .comment       0x00000000       0x3d c:/program files/microchip/xc32/v2.50/bin/bin/../../lib/gcc/pic32mx/4.8.3\libgcc.a(floatunsisf.o)
 .comment       0x00000000       0x3d c:/program files/microchip/xc32/v2.50/bin/bin/../../lib/gcc/pic32mx/4.8.3/../../../../pic32mx/lib\libpic32.a(default-bootstrap-exception-handler.o)
 .comment       0x00000000       0x3d c:/program files/microchip/xc32/v2.50/bin/bin/../../lib/gcc/pic32mx/4.8.3/../../../../pic32mx/lib\libpic32.a(default-on-reset.o)
 .comment       0x00000000       0x3d c:/program files/microchip/xc32/v2.50/bin/bin/../../lib/gcc/pic32mx/4.8.3/../../../../pic32mx/lib\libpic32.a(default-on-bootstrap.o)
 .comment       0x00000000       0x3d c:/program files/microchip/xc32/v2.50/bin/bin/../../lib/gcc/pic32mx/4.8.3/../../../../pic32mx/lib\libpic32.a(default-general-exception-handler.o)
 .comment       0x00000000       0x3d c:/program files/microchip/xc32/v2.50/bin/bin/../../lib/gcc/pic32mx/4.8.3/../../../../pic32mx/lib\libpic32.a(defaultinterrupt.o)
 .comment       0x0000003c       0x50 c:/program files/microchip/xc32/v2.50/bin/bin/../../lib/gcc/pic32mx/4.8.3/../../../../pic32mx/lib\liblega-c.a(fputc.o)
                                 0x8d (size before relaxing)
 .comment       0x0000008c       0x50 c:/program files/microchip/xc32/v2.50/bin/bin/../../lib/gcc/pic32mx/4.8.3/../../../../pic32mx/lib\liblega-c.a(fputs.o)
                                 0x8d (size before relaxing)
 .comment       0x000000dc       0x51 c:/program files/microchip/xc32/v2.50/bin/bin/../../lib/gcc/pic32mx/4.8.3/../../../../pic32mx/lib\liblega-c.a(printf_cdnopsuxX.eo)
                                 0x8e (size before relaxing)
 .comment       0x0000012d       0x4f c:/program files/microchip/xc32/v2.50/bin/bin/../../lib/gcc/pic32mx/4.8.3/../../../../pic32mx/lib\liblega-c.a(strlen.o)
                                 0x8c (size before relaxing)
 .comment       0x0000017c       0x52 c:/program files/microchip/xc32/v2.50/bin/bin/../../lib/gcc/pic32mx/4.8.3/../../../../pic32mx/lib\liblega-c.a(_doprnt_cdnopsuxX.eo)
                                 0x8f (size before relaxing)
 .comment       0x000001ce       0x53 c:/program files/microchip/xc32/v2.50/bin/bin/../../lib/gcc/pic32mx/4.8.3/../../../../pic32mx/lib\liblega-c.a(_iobdata.o)
                                 0x90 (size before relaxing)
 .comment       0x00000221       0x54 c:/program files/microchip/xc32/v2.50/bin/bin/../../lib/gcc/pic32mx/4.8.3/../../../../pic32mx/lib\liblega-c.a(_iobfuncs.o)
                                 0x91 (size before relaxing)
 .comment       0x00000275       0x4e c:/program files/microchip/xc32/v2.50/bin/bin/../../lib/gcc/pic32mx/4.8.3/../../../../pic32mx/lib\liblega-c.a(errno.o)
                                 0x8b (size before relaxing)
 .comment       0x00000000       0x3d c:/program files/microchip/xc32/v2.50/bin/bin/../../lib/gcc/pic32mx/4.8.3\libgcc.a(_udivdi3.o)
 .comment       0x00000000       0x3d c:/program files/microchip/xc32/v2.50/bin/bin/../../lib/gcc/pic32mx/4.8.3\libgcc.a(_umoddi3.o)
 .comment       0x00000000       0x3d c:/program files/microchip/xc32/v2.50/bin/bin/../../lib/gcc/pic32mx/4.8.3/../../../../pic32mx/lib\libpic32.a(_mon_write.o)

.debug
 *(.debug)

.line
 *(.line)

.debug_srcinfo
 *(.debug_srcinfo)

.debug_sfnames
 *(.debug_sfnames)

.debug_aranges  0x00000000      0x418
 *(.debug_aranges)
 .debug_aranges
                0x00000000       0x20 build/default/production/_ext/1959175648/AD.o
 .debug_aranges
                0x00000020       0x20 build/default/production/_ext/1959175648/BOARD.o
 .debug_aranges
                0x00000040       0x20 build/default/production/_ext/1959175648/IO_Ports.o
 .debug_aranges
                0x00000060       0x20 build/default/production/_ext/1959175648/LED.o
 .debug_aranges
                0x00000080       0x20 build/default/production/_ext/1959175648/pwm.o
 .debug_aranges
                0x000000a0       0x20 build/default/production/_ext/1959175648/serial.o
 .debug_aranges
                0x000000c0       0x20 build/default/production/_ext/1959175648/timers.o
 .debug_aranges
                0x000000e0       0x20 build/default/production/_ext/1959175648/roach.o
 .debug_aranges
                0x00000100       0x20 build/default/production/_ext/1959175648/ES_CheckEvents.o
 .debug_aranges
                0x00000120       0x20 build/default/production/_ext/1959175648/ES_Framework.o
 .debug_aranges
                0x00000140       0x18 build/default/production/_ext/1959175648/ES_PostList.o
 .debug_aranges
                0x00000158       0x20 build/default/production/_ext/1959175648/ES_Queue.o
 .debug_aranges
                0x00000178       0x20 build/default/production/_ext/1959175648/ES_TattleTale.o
 .debug_aranges
                0x00000198       0x20 build/default/production/_ext/1959175648/ES_Timers.o
 .debug_aranges
                0x000001b8       0x20 build/default/production/_ext/1959175648/ES_KeyboardInput.o
 .debug_aranges
                0x000001d8       0x20 build/default/production/_ext/786934795/Silly.o
 .debug_aranges
                0x000001f8       0x20 build/default/production/_ext/786934795/SillyServiceBattery.o
 .debug_aranges
                0x00000218       0x20 build/default/production/_ext/786934795/SillyServiceBumper.o
 .debug_aranges
                0x00000238       0x20 build/default/production/_ext/786934795/SillyEventChecker.o
 .debug_aranges
                0x00000258       0x20 build/default/production/_ext/786934795/ES_Run.o
 .debug_aranges
                0x00000278       0x20 build/default/production/_ext/786934795/SillyServiceTape.o
 .debug_aranges
                0x00000298       0x20 build/default/production/_ext/786934795/SillyHSM.o
 .debug_aranges
                0x000002b8       0x20 build/default/production/_ext/786934795/SillyService2kBeacon.o
 .debug_aranges
                0x000002d8       0x20 build/default/production/_ext/786934795/SillyEvadeSubHSM.o
 .debug_aranges
                0x000002f8       0x20 c:/program files/microchip/xc32/v2.50/bin/bin/../../lib/gcc/pic32mx/4.8.3\libgcc.a(floatunsisf.o)
 .debug_aranges
                0x00000318       0x20 c:/program files/microchip/xc32/v2.50/bin/bin/../../lib/gcc/pic32mx/4.8.3/../../../../pic32mx/lib\libpic32.a(default-bootstrap-exception-handler.o)
 .debug_aranges
                0x00000338       0x20 c:/program files/microchip/xc32/v2.50/bin/bin/../../lib/gcc/pic32mx/4.8.3/../../../../pic32mx/lib\libpic32.a(default-on-reset.o)
 .debug_aranges
                0x00000358       0x20 c:/program files/microchip/xc32/v2.50/bin/bin/../../lib/gcc/pic32mx/4.8.3/../../../../pic32mx/lib\libpic32.a(default-on-bootstrap.o)
 .debug_aranges
                0x00000378       0x20 c:/program files/microchip/xc32/v2.50/bin/bin/../../lib/gcc/pic32mx/4.8.3/../../../../pic32mx/lib\libpic32.a(default-general-exception-handler.o)
 .debug_aranges
                0x00000398       0x20 c:/program files/microchip/xc32/v2.50/bin/bin/../../lib/gcc/pic32mx/4.8.3/../../../../pic32mx/lib\libpic32.a(defaultinterrupt.o)
 .debug_aranges
                0x000003b8       0x20 c:/program files/microchip/xc32/v2.50/bin/bin/../../lib/gcc/pic32mx/4.8.3\libgcc.a(_udivdi3.o)
 .debug_aranges
                0x000003d8       0x20 c:/program files/microchip/xc32/v2.50/bin/bin/../../lib/gcc/pic32mx/4.8.3\libgcc.a(_umoddi3.o)
 .debug_aranges
                0x000003f8       0x20 c:/program files/microchip/xc32/v2.50/bin/bin/../../lib/gcc/pic32mx/4.8.3/../../../../pic32mx/lib\libpic32.a(_mon_write.o)

.debug_pubnames
 *(.debug_pubnames)

.debug_info     0x00000000     0xd7d1
 *(.debug_info .gnu.linkonce.wi.*)
 .debug_info    0x00000000      0xf55 build/default/production/_ext/1959175648/AD.o
 .debug_info    0x00000f55      0x285 build/default/production/_ext/1959175648/BOARD.o
 .debug_info    0x000011da      0xef2 build/default/production/_ext/1959175648/IO_Ports.o
 .debug_info    0x000020cc      0xc58 build/default/production/_ext/1959175648/LED.o
 .debug_info    0x00002d24      0x6fa build/default/production/_ext/1959175648/pwm.o
 .debug_info    0x0000341e      0xf3d build/default/production/_ext/1959175648/serial.o
 .debug_info    0x0000435b      0xbe2 build/default/production/_ext/1959175648/timers.o
 .debug_info    0x00004f3d     0x105b build/default/production/_ext/1959175648/roach.o
 .debug_info    0x00005f98      0x226 build/default/production/_ext/1959175648/ES_CheckEvents.o
 .debug_info    0x000061be      0x86f build/default/production/_ext/1959175648/ES_Framework.o
 .debug_info    0x00006a2d      0x168 build/default/production/_ext/1959175648/ES_PostList.o
 .debug_info    0x00006b95      0x60d build/default/production/_ext/1959175648/ES_Queue.o
 .debug_info    0x000071a2      0x638 build/default/production/_ext/1959175648/ES_TattleTale.o
 .debug_info    0x000077da      0xf36 build/default/production/_ext/1959175648/ES_Timers.o
 .debug_info    0x00008710      0x56c build/default/production/_ext/1959175648/ES_KeyboardInput.o
 .debug_info    0x00008c7c      0x8c6 build/default/production/_ext/786934795/Silly.o
 .debug_info    0x00009542      0x586 build/default/production/_ext/786934795/SillyServiceBattery.o
 .debug_info    0x00009ac8      0x57f build/default/production/_ext/786934795/SillyServiceBumper.o
 .debug_info    0x0000a047      0x78c build/default/production/_ext/786934795/SillyEventChecker.o
 .debug_info    0x0000a7d3      0x217 build/default/production/_ext/786934795/ES_Run.o
 .debug_info    0x0000a9ea      0x577 build/default/production/_ext/786934795/SillyServiceTape.o
 .debug_info    0x0000af61      0x770 build/default/production/_ext/786934795/SillyHSM.o
 .debug_info    0x0000b6d1      0x586 build/default/production/_ext/786934795/SillyService2kBeacon.o
 .debug_info    0x0000bc57      0x648 build/default/production/_ext/786934795/SillyEvadeSubHSM.o
 .debug_info    0x0000c29f      0x129 c:/program files/microchip/xc32/v2.50/bin/bin/../../lib/gcc/pic32mx/4.8.3\libgcc.a(floatunsisf.o)
 .debug_info    0x0000c3c8       0xf4 c:/program files/microchip/xc32/v2.50/bin/bin/../../lib/gcc/pic32mx/4.8.3/../../../../pic32mx/lib\libpic32.a(default-bootstrap-exception-handler.o)
 .debug_info    0x0000c4bc       0xcd c:/program files/microchip/xc32/v2.50/bin/bin/../../lib/gcc/pic32mx/4.8.3/../../../../pic32mx/lib\libpic32.a(default-on-reset.o)
 .debug_info    0x0000c589       0xd5 c:/program files/microchip/xc32/v2.50/bin/bin/../../lib/gcc/pic32mx/4.8.3/../../../../pic32mx/lib\libpic32.a(default-on-bootstrap.o)
 .debug_info    0x0000c65e       0xf0 c:/program files/microchip/xc32/v2.50/bin/bin/../../lib/gcc/pic32mx/4.8.3/../../../../pic32mx/lib\libpic32.a(default-general-exception-handler.o)
 .debug_info    0x0000c74e       0xe7 c:/program files/microchip/xc32/v2.50/bin/bin/../../lib/gcc/pic32mx/4.8.3/../../../../pic32mx/lib\libpic32.a(defaultinterrupt.o)
 .debug_info    0x0000c835      0x74b c:/program files/microchip/xc32/v2.50/bin/bin/../../lib/gcc/pic32mx/4.8.3\libgcc.a(_udivdi3.o)
 .debug_info    0x0000cf80      0x788 c:/program files/microchip/xc32/v2.50/bin/bin/../../lib/gcc/pic32mx/4.8.3\libgcc.a(_umoddi3.o)
 .debug_info    0x0000d708       0xc9 c:/program files/microchip/xc32/v2.50/bin/bin/../../lib/gcc/pic32mx/4.8.3/../../../../pic32mx/lib\libpic32.a(_mon_write.o)

.debug_abbrev   0x00000000     0x1f3c
 *(.debug_abbrev)
 .debug_abbrev  0x00000000      0x178 build/default/production/_ext/1959175648/AD.o
 .debug_abbrev  0x00000178       0x97 build/default/production/_ext/1959175648/BOARD.o
 .debug_abbrev  0x0000020f      0x196 build/default/production/_ext/1959175648/IO_Ports.o
 .debug_abbrev  0x000003a5      0x1c8 build/default/production/_ext/1959175648/LED.o
 .debug_abbrev  0x0000056d      0x1a6 build/default/production/_ext/1959175648/pwm.o
 .debug_abbrev  0x00000713      0x18f build/default/production/_ext/1959175648/serial.o
 .debug_abbrev  0x000008a2      0x131 build/default/production/_ext/1959175648/timers.o
 .debug_abbrev  0x000009d3      0x1b3 build/default/production/_ext/1959175648/roach.o
 .debug_abbrev  0x00000b86       0x98 build/default/production/_ext/1959175648/ES_CheckEvents.o
 .debug_abbrev  0x00000c1e      0x167 build/default/production/_ext/1959175648/ES_Framework.o
 .debug_abbrev  0x00000d85       0x4a build/default/production/_ext/1959175648/ES_PostList.o
 .debug_abbrev  0x00000dcf       0xf4 build/default/production/_ext/1959175648/ES_Queue.o
 .debug_abbrev  0x00000ec3      0x124 build/default/production/_ext/1959175648/ES_TattleTale.o
 .debug_abbrev  0x00000fe7      0x1e8 build/default/production/_ext/1959175648/ES_Timers.o
 .debug_abbrev  0x000011cf      0x11b build/default/production/_ext/1959175648/ES_KeyboardInput.o
 .debug_abbrev  0x000012ea      0x163 build/default/production/_ext/786934795/Silly.o
 .debug_abbrev  0x0000144d       0xe7 build/default/production/_ext/786934795/SillyServiceBattery.o
 .debug_abbrev  0x00001534       0xf4 build/default/production/_ext/786934795/SillyServiceBumper.o
 .debug_abbrev  0x00001628      0x122 build/default/production/_ext/786934795/SillyEventChecker.o
 .debug_abbrev  0x0000174a       0x8b build/default/production/_ext/786934795/ES_Run.o
 .debug_abbrev  0x000017d5       0xf4 build/default/production/_ext/786934795/SillyServiceTape.o
 .debug_abbrev  0x000018c9       0xe5 build/default/production/_ext/786934795/SillyHSM.o
 .debug_abbrev  0x000019ae       0xe7 build/default/production/_ext/786934795/SillyService2kBeacon.o
 .debug_abbrev  0x00001a95       0xd6 build/default/production/_ext/786934795/SillyEvadeSubHSM.o
 .debug_abbrev  0x00001b6b       0x62 c:/program files/microchip/xc32/v2.50/bin/bin/../../lib/gcc/pic32mx/4.8.3\libgcc.a(floatunsisf.o)
 .debug_abbrev  0x00001bcd       0x28 c:/program files/microchip/xc32/v2.50/bin/bin/../../lib/gcc/pic32mx/4.8.3/../../../../pic32mx/lib\libpic32.a(default-bootstrap-exception-handler.o)
 .debug_abbrev  0x00001bf5       0x28 c:/program files/microchip/xc32/v2.50/bin/bin/../../lib/gcc/pic32mx/4.8.3/../../../../pic32mx/lib\libpic32.a(default-on-reset.o)
 .debug_abbrev  0x00001c1d       0x28 c:/program files/microchip/xc32/v2.50/bin/bin/../../lib/gcc/pic32mx/4.8.3/../../../../pic32mx/lib\libpic32.a(default-on-bootstrap.o)
 .debug_abbrev  0x00001c45       0x28 c:/program files/microchip/xc32/v2.50/bin/bin/../../lib/gcc/pic32mx/4.8.3/../../../../pic32mx/lib\libpic32.a(default-general-exception-handler.o)
 .debug_abbrev  0x00001c6d       0x28 c:/program files/microchip/xc32/v2.50/bin/bin/../../lib/gcc/pic32mx/4.8.3/../../../../pic32mx/lib\libpic32.a(defaultinterrupt.o)
 .debug_abbrev  0x00001c95      0x138 c:/program files/microchip/xc32/v2.50/bin/bin/../../lib/gcc/pic32mx/4.8.3\libgcc.a(_udivdi3.o)
 .debug_abbrev  0x00001dcd      0x147 c:/program files/microchip/xc32/v2.50/bin/bin/../../lib/gcc/pic32mx/4.8.3\libgcc.a(_umoddi3.o)
 .debug_abbrev  0x00001f14       0x28 c:/program files/microchip/xc32/v2.50/bin/bin/../../lib/gcc/pic32mx/4.8.3/../../../../pic32mx/lib\libpic32.a(_mon_write.o)

.debug_line     0x00000000     0x3503
 *(.debug_line)
 .debug_line    0x00000000      0x24d build/default/production/_ext/1959175648/AD.o
 .debug_line    0x0000024d      0x13a build/default/production/_ext/1959175648/BOARD.o
 .debug_line    0x00000387      0x204 build/default/production/_ext/1959175648/IO_Ports.o
 .debug_line    0x0000058b      0x2d8 build/default/production/_ext/1959175648/LED.o
 .debug_line    0x00000863      0x21f build/default/production/_ext/1959175648/pwm.o
 .debug_line    0x00000a82      0x1f7 build/default/production/_ext/1959175648/serial.o
 .debug_line    0x00000c79      0x19d build/default/production/_ext/1959175648/timers.o
 .debug_line    0x00000e16      0x1cc build/default/production/_ext/1959175648/roach.o
 .debug_line    0x00000fe2      0x1ce build/default/production/_ext/1959175648/ES_CheckEvents.o
 .debug_line    0x000011b0      0x242 build/default/production/_ext/1959175648/ES_Framework.o
 .debug_line    0x000013f2       0x78 build/default/production/_ext/1959175648/ES_PostList.o
 .debug_line    0x0000146a      0x1f3 build/default/production/_ext/1959175648/ES_Queue.o
 .debug_line    0x0000165d      0x266 build/default/production/_ext/1959175648/ES_TattleTale.o
 .debug_line    0x000018c3      0x256 build/default/production/_ext/1959175648/ES_Timers.o
 .debug_line    0x00001b19      0x1e1 build/default/production/_ext/1959175648/ES_KeyboardInput.o
 .debug_line    0x00001cfa      0x22a build/default/production/_ext/786934795/Silly.o
 .debug_line    0x00001f24      0x1bf build/default/production/_ext/786934795/SillyServiceBattery.o
 .debug_line    0x000020e3      0x1bf build/default/production/_ext/786934795/SillyServiceBumper.o
 .debug_line    0x000022a2      0x26b build/default/production/_ext/786934795/SillyEventChecker.o
 .debug_line    0x0000250d       0xf0 build/default/production/_ext/786934795/ES_Run.o
 .debug_line    0x000025fd      0x1bd build/default/production/_ext/786934795/SillyServiceTape.o
 .debug_line    0x000027ba      0x30c build/default/production/_ext/786934795/SillyHSM.o
 .debug_line    0x00002ac6      0x1c7 build/default/production/_ext/786934795/SillyService2kBeacon.o
 .debug_line    0x00002c8d      0x23c build/default/production/_ext/786934795/SillyEvadeSubHSM.o
 .debug_line    0x00002ec9       0x94 c:/program files/microchip/xc32/v2.50/bin/bin/../../lib/gcc/pic32mx/4.8.3\libgcc.a(floatunsisf.o)
 .debug_line    0x00002f5d       0xa6 c:/program files/microchip/xc32/v2.50/bin/bin/../../lib/gcc/pic32mx/4.8.3/../../../../pic32mx/lib\libpic32.a(default-bootstrap-exception-handler.o)
 .debug_line    0x00003003       0x93 c:/program files/microchip/xc32/v2.50/bin/bin/../../lib/gcc/pic32mx/4.8.3/../../../../pic32mx/lib\libpic32.a(default-on-reset.o)
 .debug_line    0x00003096       0x97 c:/program files/microchip/xc32/v2.50/bin/bin/../../lib/gcc/pic32mx/4.8.3/../../../../pic32mx/lib\libpic32.a(default-on-bootstrap.o)
 .debug_line    0x0000312d       0xa4 c:/program files/microchip/xc32/v2.50/bin/bin/../../lib/gcc/pic32mx/4.8.3/../../../../pic32mx/lib\libpic32.a(default-general-exception-handler.o)
 .debug_line    0x000031d1       0xa5 c:/program files/microchip/xc32/v2.50/bin/bin/../../lib/gcc/pic32mx/4.8.3/../../../../pic32mx/lib\libpic32.a(defaultinterrupt.o)
 .debug_line    0x00003276       0xf7 c:/program files/microchip/xc32/v2.50/bin/bin/../../lib/gcc/pic32mx/4.8.3\libgcc.a(_udivdi3.o)
 .debug_line    0x0000336d      0x109 c:/program files/microchip/xc32/v2.50/bin/bin/../../lib/gcc/pic32mx/4.8.3\libgcc.a(_umoddi3.o)
 .debug_line    0x00003476       0x8d c:/program files/microchip/xc32/v2.50/bin/bin/../../lib/gcc/pic32mx/4.8.3/../../../../pic32mx/lib\libpic32.a(_mon_write.o)

.debug_frame    0x00000000     0x184c
 *(.debug_frame)
 .debug_frame   0x00000000      0x180 build/default/production/_ext/1959175648/AD.o
 .debug_frame   0x00000180       0x74 build/default/production/_ext/1959175648/BOARD.o
 .debug_frame   0x000001f4      0x200 build/default/production/_ext/1959175648/IO_Ports.o
 .debug_frame   0x000003f4      0x170 build/default/production/_ext/1959175648/LED.o
 .debug_frame   0x00000564      0x148 build/default/production/_ext/1959175648/pwm.o
 .debug_frame   0x000006ac      0x14c build/default/production/_ext/1959175648/serial.o
 .debug_frame   0x000007f8      0x164 build/default/production/_ext/1959175648/timers.o
 .debug_frame   0x0000095c      0x1c8 build/default/production/_ext/1959175648/roach.o
 .debug_frame   0x00000b24       0x34 build/default/production/_ext/1959175648/ES_CheckEvents.o
 .debug_frame   0x00000b58       0xc0 build/default/production/_ext/1959175648/ES_Framework.o
 .debug_frame   0x00000c18       0x90 build/default/production/_ext/1959175648/ES_Queue.o
 .debug_frame   0x00000ca8       0x7c build/default/production/_ext/1959175648/ES_TattleTale.o
 .debug_frame   0x00000d24      0x13c build/default/production/_ext/1959175648/ES_Timers.o
 .debug_frame   0x00000e60       0x98 build/default/production/_ext/1959175648/ES_KeyboardInput.o
 .debug_frame   0x00000ef8      0x448 build/default/production/_ext/786934795/Silly.o
 .debug_frame   0x00001340       0x7c build/default/production/_ext/786934795/SillyServiceBattery.o
 .debug_frame   0x000013bc       0x7c build/default/production/_ext/786934795/SillyServiceBumper.o
 .debug_frame   0x00001438       0xc4 build/default/production/_ext/786934795/SillyEventChecker.o
 .debug_frame   0x000014fc       0x2c build/default/production/_ext/786934795/ES_Run.o
 .debug_frame   0x00001528       0x7c build/default/production/_ext/786934795/SillyServiceTape.o
 .debug_frame   0x000015a4       0x7c build/default/production/_ext/786934795/SillyHSM.o
 .debug_frame   0x00001620       0x7c build/default/production/_ext/786934795/SillyService2kBeacon.o
 .debug_frame   0x0000169c       0x58 build/default/production/_ext/786934795/SillyEvadeSubHSM.o
 .debug_frame   0x000016f4       0x30 c:/program files/microchip/xc32/v2.50/bin/bin/../../lib/gcc/pic32mx/4.8.3\libgcc.a(floatunsisf.o)
 .debug_frame   0x00001724       0x2c c:/program files/microchip/xc32/v2.50/bin/bin/../../lib/gcc/pic32mx/4.8.3/../../../../pic32mx/lib\libpic32.a(default-bootstrap-exception-handler.o)
 .debug_frame   0x00001750       0x20 c:/program files/microchip/xc32/v2.50/bin/bin/../../lib/gcc/pic32mx/4.8.3/../../../../pic32mx/lib\libpic32.a(default-on-reset.o)
 .debug_frame   0x00001770       0x20 c:/program files/microchip/xc32/v2.50/bin/bin/../../lib/gcc/pic32mx/4.8.3/../../../../pic32mx/lib\libpic32.a(default-on-bootstrap.o)
 .debug_frame   0x00001790       0x2c c:/program files/microchip/xc32/v2.50/bin/bin/../../lib/gcc/pic32mx/4.8.3/../../../../pic32mx/lib\libpic32.a(default-general-exception-handler.o)
 .debug_frame   0x000017bc       0x20 c:/program files/microchip/xc32/v2.50/bin/bin/../../lib/gcc/pic32mx/4.8.3/../../../../pic32mx/lib\libpic32.a(defaultinterrupt.o)
 .debug_frame   0x000017dc       0x20 c:/program files/microchip/xc32/v2.50/bin/bin/../../lib/gcc/pic32mx/4.8.3\libgcc.a(_udivdi3.o)
 .debug_frame   0x000017fc       0x20 c:/program files/microchip/xc32/v2.50/bin/bin/../../lib/gcc/pic32mx/4.8.3\libgcc.a(_umoddi3.o)
 .debug_frame   0x0000181c       0x30 c:/program files/microchip/xc32/v2.50/bin/bin/../../lib/gcc/pic32mx/4.8.3/../../../../pic32mx/lib\libpic32.a(_mon_write.o)

.debug_str      0x00000000      0x114
 *(.debug_str)
 .debug_str     0x00000000        0x0 build/default/production/_ext/1959175648/AD.o
 .debug_str     0x00000000        0x0 build/default/production/_ext/1959175648/BOARD.o
 .debug_str     0x00000000        0xd build/default/production/_ext/1959175648/IO_Ports.o
 .debug_str     0x0000000d        0x8 build/default/production/_ext/1959175648/LED.o
 .debug_str     0x00000015       0x26 build/default/production/_ext/1959175648/pwm.o
 .debug_str     0x0000003b        0x0 build/default/production/_ext/1959175648/serial.o
 .debug_str     0x0000003b        0x0 build/default/production/_ext/1959175648/timers.o
 .debug_str     0x0000003b        0x9 build/default/production/_ext/1959175648/roach.o
 .debug_str     0x00000044        0x0 build/default/production/_ext/1959175648/ES_CheckEvents.o
 .debug_str     0x00000044        0xa build/default/production/_ext/1959175648/ES_Framework.o
 .debug_str     0x0000004e        0x0 build/default/production/_ext/1959175648/ES_PostList.o
 .debug_str     0x0000004e       0x12 build/default/production/_ext/1959175648/ES_Queue.o
 .debug_str     0x00000060       0x17 build/default/production/_ext/1959175648/ES_TattleTale.o
 .debug_str     0x00000077        0x9 build/default/production/_ext/1959175648/ES_Timers.o
 .debug_str     0x00000080        0xa build/default/production/_ext/1959175648/ES_KeyboardInput.o
 .debug_str     0x0000008a        0xe build/default/production/_ext/786934795/Silly.o
 .debug_str     0x00000098        0xa build/default/production/_ext/786934795/SillyServiceBattery.o
 .debug_str     0x000000a2        0xa build/default/production/_ext/786934795/SillyServiceBumper.o
 .debug_str     0x000000ac       0x4a build/default/production/_ext/786934795/SillyEventChecker.o
 .debug_str     0x000000f6        0x0 build/default/production/_ext/786934795/ES_Run.o
 .debug_str     0x000000f6        0xa build/default/production/_ext/786934795/SillyServiceTape.o
 .debug_str     0x00000100        0xa build/default/production/_ext/786934795/SillyHSM.o
 .debug_str     0x0000010a        0xa build/default/production/_ext/786934795/SillyService2kBeacon.o
 .debug_str     0x00000114        0x0 build/default/production/_ext/786934795/SillyEvadeSubHSM.o
 .debug_str     0x00000114        0x0 c:/program files/microchip/xc32/v2.50/bin/bin/../../lib/gcc/pic32mx/4.8.3\libgcc.a(floatunsisf.o)
 .debug_str     0x00000114        0x0 c:/program files/microchip/xc32/v2.50/bin/bin/../../lib/gcc/pic32mx/4.8.3/../../../../pic32mx/lib\libpic32.a(default-bootstrap-exception-handler.o)
 .debug_str     0x00000114        0x0 c:/program files/microchip/xc32/v2.50/bin/bin/../../lib/gcc/pic32mx/4.8.3/../../../../pic32mx/lib\libpic32.a(default-on-reset.o)
 .debug_str     0x00000114        0x0 c:/program files/microchip/xc32/v2.50/bin/bin/../../lib/gcc/pic32mx/4.8.3/../../../../pic32mx/lib\libpic32.a(default-on-bootstrap.o)
 .debug_str     0x00000114        0x0 c:/program files/microchip/xc32/v2.50/bin/bin/../../lib/gcc/pic32mx/4.8.3/../../../../pic32mx/lib\libpic32.a(default-general-exception-handler.o)
 .debug_str     0x00000114        0x0 c:/program files/microchip/xc32/v2.50/bin/bin/../../lib/gcc/pic32mx/4.8.3/../../../../pic32mx/lib\libpic32.a(defaultinterrupt.o)
 .debug_str     0x00000114        0x0 c:/program files/microchip/xc32/v2.50/bin/bin/../../lib/gcc/pic32mx/4.8.3\libgcc.a(_udivdi3.o)
 .debug_str     0x00000114        0x0 c:/program files/microchip/xc32/v2.50/bin/bin/../../lib/gcc/pic32mx/4.8.3\libgcc.a(_umoddi3.o)
 .debug_str     0x00000114        0x0 c:/program files/microchip/xc32/v2.50/bin/bin/../../lib/gcc/pic32mx/4.8.3/../../../../pic32mx/lib\libpic32.a(_mon_write.o)

.debug_loc      0x00000000     0x159f
 *(.debug_loc)
 .debug_loc     0x00000000       0x74 c:/program files/microchip/xc32/v2.50/bin/bin/../../lib/gcc/pic32mx/4.8.3\libgcc.a(floatunsisf.o)
 .debug_loc     0x00000074       0x2c c:/program files/microchip/xc32/v2.50/bin/bin/../../lib/gcc/pic32mx/4.8.3/../../../../pic32mx/lib\libpic32.a(default-bootstrap-exception-handler.o)
 .debug_loc     0x000000a0       0x2c c:/program files/microchip/xc32/v2.50/bin/bin/../../lib/gcc/pic32mx/4.8.3/../../../../pic32mx/lib\libpic32.a(default-general-exception-handler.o)
 .debug_loc     0x000000cc      0xa6a c:/program files/microchip/xc32/v2.50/bin/bin/../../lib/gcc/pic32mx/4.8.3\libgcc.a(_udivdi3.o)
 .debug_loc     0x00000b36      0xa3d c:/program files/microchip/xc32/v2.50/bin/bin/../../lib/gcc/pic32mx/4.8.3\libgcc.a(_umoddi3.o)
 .debug_loc     0x00001573       0x2c c:/program files/microchip/xc32/v2.50/bin/bin/../../lib/gcc/pic32mx/4.8.3/../../../../pic32mx/lib\libpic32.a(_mon_write.o)

.debug_macinfo
 *(.debug_macinfo)

.debug_weaknames
 *(.debug_weaknames)

.debug_funcnames
 *(.debug_funcnames)

.debug_typenames
 *(.debug_typenames)

.debug_varnames
 *(.debug_varnames)

.debug_pubtypes
 *(.debug_pubtypes)

.debug_ranges   0x00000000      0x1d0
 *(.debug_ranges)
 .debug_ranges  0x00000000       0x10 c:/program files/microchip/xc32/v2.50/bin/bin/../../lib/gcc/pic32mx/4.8.3/../../../../pic32mx/lib\libpic32.a(default-bootstrap-exception-handler.o)
 .debug_ranges  0x00000010       0x10 c:/program files/microchip/xc32/v2.50/bin/bin/../../lib/gcc/pic32mx/4.8.3/../../../../pic32mx/lib\libpic32.a(default-on-reset.o)
 .debug_ranges  0x00000020       0x10 c:/program files/microchip/xc32/v2.50/bin/bin/../../lib/gcc/pic32mx/4.8.3/../../../../pic32mx/lib\libpic32.a(default-on-bootstrap.o)
 .debug_ranges  0x00000030       0x10 c:/program files/microchip/xc32/v2.50/bin/bin/../../lib/gcc/pic32mx/4.8.3/../../../../pic32mx/lib\libpic32.a(default-general-exception-handler.o)
 .debug_ranges  0x00000040       0x10 c:/program files/microchip/xc32/v2.50/bin/bin/../../lib/gcc/pic32mx/4.8.3/../../../../pic32mx/lib\libpic32.a(defaultinterrupt.o)
 .debug_ranges  0x00000050       0x98 c:/program files/microchip/xc32/v2.50/bin/bin/../../lib/gcc/pic32mx/4.8.3\libgcc.a(_udivdi3.o)
 .debug_ranges  0x000000e8       0xd8 c:/program files/microchip/xc32/v2.50/bin/bin/../../lib/gcc/pic32mx/4.8.3\libgcc.a(_umoddi3.o)
 .debug_ranges  0x000001c0       0x10 c:/program files/microchip/xc32/v2.50/bin/bin/../../lib/gcc/pic32mx/4.8.3/../../../../pic32mx/lib\libpic32.a(_mon_write.o)

.gnu.attributes
                0x00000000       0x10
 *(.gnu.attributes)
 .gnu.attributes
                0x00000000       0x10 build/default/production/_ext/1959175648/AD.o
 .gnu.attributes
                0x00000010       0x10 build/default/production/_ext/1959175648/BOARD.o
 .gnu.attributes
                0x00000020       0x10 build/default/production/_ext/1959175648/IO_Ports.o
 .gnu.attributes
                0x00000030       0x10 build/default/production/_ext/1959175648/LED.o
 .gnu.attributes
                0x00000040       0x10 build/default/production/_ext/1959175648/pwm.o
 .gnu.attributes
                0x00000050       0x10 build/default/production/_ext/1959175648/serial.o
 .gnu.attributes
                0x00000060       0x10 build/default/production/_ext/1959175648/timers.o
 .gnu.attributes
                0x00000070       0x10 build/default/production/_ext/1959175648/roach.o
 .gnu.attributes
                0x00000080       0x10 build/default/production/_ext/1959175648/ES_CheckEvents.o
 .gnu.attributes
                0x00000090       0x10 build/default/production/_ext/1959175648/ES_Framework.o
 .gnu.attributes
                0x000000a0       0x10 build/default/production/_ext/1959175648/ES_PostList.o
 .gnu.attributes
                0x000000b0       0x10 build/default/production/_ext/1959175648/ES_Queue.o
 .gnu.attributes
                0x000000c0       0x10 build/default/production/_ext/1959175648/ES_TattleTale.o
 .gnu.attributes
                0x000000d0       0x10 build/default/production/_ext/1959175648/ES_Timers.o
 .gnu.attributes
                0x000000e0       0x10 build/default/production/_ext/1959175648/ES_KeyboardInput.o
 .gnu.attributes
                0x000000f0       0x10 build/default/production/_ext/786934795/Silly.o
 .gnu.attributes
                0x00000100       0x10 build/default/production/_ext/786934795/SillyServiceBattery.o
 .gnu.attributes
                0x00000110       0x10 build/default/production/_ext/786934795/SillyServiceBumper.o
 .gnu.attributes
                0x00000120       0x10 build/default/production/_ext/786934795/SillyEventChecker.o
 .gnu.attributes
                0x00000130       0x10 build/default/production/_ext/786934795/ES_Run.o
 .gnu.attributes
                0x00000140       0x10 build/default/production/_ext/786934795/SillyServiceTape.o
 .gnu.attributes
                0x00000150       0x10 build/default/production/_ext/786934795/SillyHSM.o
 .gnu.attributes
                0x00000160       0x10 build/default/production/_ext/786934795/SillyService2kBeacon.o
 .gnu.attributes
                0x00000170       0x10 build/default/production/_ext/786934795/SillyEvadeSubHSM.o
 .gnu.attributes
                0x00000180       0x10 c:/program files/microchip/xc32/v2.50/bin/bin/../../lib/gcc/pic32mx/4.8.3\libgcc.a(floatunsisf.o)
 .gnu.attributes
                0x00000190       0x10 c:/program files/microchip/xc32/v2.50/bin/bin/../../lib/gcc/pic32mx/4.8.3/../../../../pic32mx/lib\libpic32.a(default-bootstrap-exception-handler.o)
 .gnu.attributes
                0x000001a0       0x10 c:/program files/microchip/xc32/v2.50/bin/bin/../../lib/gcc/pic32mx/4.8.3/../../../../pic32mx/lib\libpic32.a(default-on-reset.o)
 .gnu.attributes
                0x000001b0       0x10 c:/program files/microchip/xc32/v2.50/bin/bin/../../lib/gcc/pic32mx/4.8.3/../../../../pic32mx/lib\libpic32.a(default-on-bootstrap.o)
 .gnu.attributes
                0x000001c0       0x10 c:/program files/microchip/xc32/v2.50/bin/bin/../../lib/gcc/pic32mx/4.8.3/../../../../pic32mx/lib\libpic32.a(default-general-exception-handler.o)
 .gnu.attributes
                0x000001d0       0x10 c:/program files/microchip/xc32/v2.50/bin/bin/../../lib/gcc/pic32mx/4.8.3/../../../../pic32mx/lib\libpic32.a(defaultinterrupt.o)
 .gnu.attributes
                0x000001e0       0x10 c:/program files/microchip/xc32/v2.50/bin/bin/../../lib/gcc/pic32mx/4.8.3/../../../../pic32mx/lib\liblega-c.a(fputc.o)
 .gnu.attributes
                0x000001f0       0x10 c:/program files/microchip/xc32/v2.50/bin/bin/../../lib/gcc/pic32mx/4.8.3/../../../../pic32mx/lib\liblega-c.a(fputs.o)
 .gnu.attributes
                0x00000200       0x10 c:/program files/microchip/xc32/v2.50/bin/bin/../../lib/gcc/pic32mx/4.8.3/../../../../pic32mx/lib\liblega-c.a(printf_cdnopsuxX.eo)
 .gnu.attributes
                0x00000210       0x10 c:/program files/microchip/xc32/v2.50/bin/bin/../../lib/gcc/pic32mx/4.8.3/../../../../pic32mx/lib\liblega-c.a(strlen.o)
 .gnu.attributes
                0x00000220       0x10 c:/program files/microchip/xc32/v2.50/bin/bin/../../lib/gcc/pic32mx/4.8.3/../../../../pic32mx/lib\liblega-c.a(_doprnt_cdnopsuxX.eo)
 .gnu.attributes
                0x00000230       0x10 c:/program files/microchip/xc32/v2.50/bin/bin/../../lib/gcc/pic32mx/4.8.3/../../../../pic32mx/lib\liblega-c.a(_iobdata.o)
 .gnu.attributes
                0x00000240       0x10 c:/program files/microchip/xc32/v2.50/bin/bin/../../lib/gcc/pic32mx/4.8.3/../../../../pic32mx/lib\liblega-c.a(_iobfuncs.o)
 .gnu.attributes
                0x00000250       0x10 c:/program files/microchip/xc32/v2.50/bin/bin/../../lib/gcc/pic32mx/4.8.3/../../../../pic32mx/lib\liblega-c.a(errno.o)
 .gnu.attributes
                0x00000260       0x10 c:/program files/microchip/xc32/v2.50/bin/bin/../../lib/gcc/pic32mx/4.8.3\libgcc.a(_udivdi3.o)
 .gnu.attributes
                0x00000270       0x10 c:/program files/microchip/xc32/v2.50/bin/bin/../../lib/gcc/pic32mx/4.8.3\libgcc.a(_umoddi3.o)
 .gnu.attributes
                0x00000280       0x10 c:/program files/microchip/xc32/v2.50/bin/bin/../../lib/gcc/pic32mx/4.8.3/../../../../pic32mx/lib\libpic32.a(_mon_write.o)
                0x000003e8                _min_heap_size = 0x3e8
LOAD C:\Users\leafg\AppData\Local\Temp\ccuR8TkX.o
LOAD C:\Users\leafg\AppData\Local\Temp\ccZXsGlO.o
LOAD C:\Users\leafg\AppData\Local\Temp\ccEZ9eeW.o
LOAD c:/program files/microchip/xc32/v2.50/bin/bin/../../lib/gcc/pic32mx/4.8.3/../../../../pic32mx/lib/./proc/32MX320F128H\default_isr_vectors.o
LOAD c:/program files/microchip/xc32/v2.50/bin/bin/../../lib/gcc/pic32mx/4.8.3/../../../../pic32mx/lib\pic32_software_reset.o
LOAD c:/program files/microchip/xc32/v2.50/bin/bin/../../lib/gcc/pic32mx/4.8.3\libgcc.a
START GROUP
LOAD c:/program files/microchip/xc32/v2.50/bin/bin/../../lib/gcc/pic32mx/4.8.3/../../../../pic32mx/lib\libpic32.a
LOAD c:/program files/microchip/xc32/v2.50/bin/bin/../../lib/gcc/pic32mx/4.8.3/../../../../pic32mx/lib\libdebug.a
LOAD c:/program files/microchip/xc32/v2.50/bin/bin/../../lib/gcc/pic32mx/4.8.3/../../../../pic32mx/lib\libpic32.a
LOAD c:/program files/microchip/xc32/v2.50/bin/bin/../../lib/gcc/pic32mx/4.8.3/../../../../pic32mx/lib\liblega-c.a
LOAD c:/program files/microchip/xc32/v2.50/bin/bin/../../lib/gcc/pic32mx/4.8.3/../../../../pic32mx/lib\libm.a
LOAD c:/program files/microchip/xc32/v2.50/bin/bin/../../lib/gcc/pic32mx/4.8.3/../../../../pic32mx/lib\libe.a
LOAD c:/program files/microchip/xc32/v2.50/bin/bin/../../lib/gcc/pic32mx/4.8.3/../../../../pic32mx/lib\libdsp.a
LOAD c:/program files/microchip/xc32/v2.50/bin/bin/../../lib/gcc/pic32mx/4.8.3\libgcc.a
LOAD c:/program files/microchip/xc32/v2.50/bin/bin/../../lib/gcc/pic32mx/4.8.3/../../../../pic32mx/lib\libpic32.a
END GROUP
LOAD c:/program files/microchip/xc32/v2.50/bin/bin/../../lib/gcc/pic32mx/4.8.3\libgcc.a
OUTPUT(dist/default/production/Final_ECE118.X.production.elf elf32-tradlittlemips)
LOAD stack
LOAD data_init

.reginfo        0x00000000       0x18
 .reginfo       0x00000000       0x18 c:/program files/microchip/xc32/v2.50/bin/bin/../../lib/gcc/pic32mx/4.8.3/../../../../pic32mx/lib\debug-exception-return.o

.stack          0xa0001900      0x400
 .stack         0xa0001900      0x400 stack

.bss            0xa00000ec      0x658
 .bss           0xa00000ec      0x400 build/default/production/_ext/1959175648/serial.o
 .bss           0xa00004ec      0x258 build/default/production/_ext/1959175648/ES_TattleTale.o

.bss            0xa0000744       0xe8
 .bss           0xa0000744       0xe8 build/default/production/_ext/1959175648/ES_Framework.o

.data           0xa000082c      0x1ac
 .data          0xa000082c       0xd8 build/default/production/_ext/786934795/SillyHSM.o
 .data          0xa0000904       0xd4 c:/program files/microchip/xc32/v2.50/bin/bin/../../lib/gcc/pic32mx/4.8.3/../../../../pic32mx/lib\liblega-c.a(_iobdata.o)

.data           0xa00009d8      0x178
 .data          0xa00009d8       0xc0 build/default/production/_ext/786934795/SillyEvadeSubHSM.o
 .data          0xa0000a98       0xb8 build/default/production/_ext/786934795/SillyEventChecker.o

.data           0xa0000b50      0x140
 .data          0xa0000b50       0xa8 build/default/production/_ext/1959175648/AD.o
 .data          0xa0000bf8       0x98 build/default/production/_ext/1959175648/ES_CheckEvents.o

.data           0xa0000c90      0x130
 .data          0xa0000c90       0x98 build/default/production/_ext/1959175648/ES_Framework.o
 .data          0xa0000d28       0x98 build/default/production/_ext/1959175648/ES_PostList.o

.data           0xa0000dc0      0x130
 .data          0xa0000dc0       0x98 build/default/production/_ext/1959175648/ES_Queue.o
 .data          0xa0000e58       0x98 build/default/production/_ext/1959175648/ES_TattleTale.o

.data           0xa0000ef0      0x130
 .data          0xa0000ef0       0x98 build/default/production/_ext/1959175648/ES_Timers.o
 .data          0xa0000f88       0x98 build/default/production/_ext/1959175648/ES_KeyboardInput.o

.data           0xa0001020      0x130
 .data          0xa0001020       0x98 build/default/production/_ext/786934795/SillyServiceBattery.o
 .data          0xa00010b8       0x98 build/default/production/_ext/786934795/SillyServiceBumper.o

.data           0xa0001150      0x130
 .data          0xa0001150       0x98 build/default/production/_ext/786934795/ES_Run.o
 .data          0xa00011e8       0x98 build/default/production/_ext/786934795/SillyServiceTape.o

.data           0xa0001280       0x98
 .data          0xa0001280       0x98 build/default/production/_ext/786934795/SillyService2kBeacon.o

.bss            0xa0001318       0xf8
 .bss           0xa0001318       0x88 c:/program files/microchip/xc32/v2.50/bin/bin/../../lib/gcc/pic32mx/4.8.3/../../../../pic32mx/lib\liblega-c.a(_iobdata.o)
 .bss           0xa00013a0       0x70 build/default/production/_ext/1959175648/AD.o

.bss            0xa0001410       0x80
 .bss           0xa0001410       0x40 build/default/production/_ext/1959175648/timers.o
 .bss           0xa0001450       0x40 build/default/production/_ext/1959175648/ES_Timers.o

.bss            0xa0001490       0x28
 .bss           0xa0001490       0x28 build/default/production/_ext/786934795/SillyEventChecker.o

.data           0xa00014b8       0x30
 .data          0xa00014b8       0x18 build/default/production/_ext/1959175648/LED.o
 .data          0xa00014d0       0x18 build/default/production/_ext/1959175648/roach.o

.bss            0xa00014e8       0x14
 .bss           0xa00014e8       0x14 build/default/production/_ext/1959175648/ES_KeyboardInput.o

.bss%z1         0x00000000        0x0
 .bss           0x00000000        0x0 c:/program files/microchip/xc32/v2.50/bin/bin/../../lib/gcc/pic32mx/4.8.3/../../../../pic32mx/lib\libpic32.a(_mon_write.o)

.data%z2        0x00000000        0x0
 .data          0x00000000        0x0 c:/program files/microchip/xc32/v2.50/bin/bin/../../lib/gcc/pic32mx/4.8.3/../../../../pic32mx/lib\libpic32.a(_mon_write.o)

.bss%z3         0x00000000        0x0
 .bss           0x00000000        0x0 c:/program files/microchip/xc32/v2.50/bin/bin/../../lib/gcc/pic32mx/4.8.3\libgcc.a(_umoddi3.o)

.data%z4        0x00000000        0x0
 .data          0x00000000        0x0 c:/program files/microchip/xc32/v2.50/bin/bin/../../lib/gcc/pic32mx/4.8.3\libgcc.a(_umoddi3.o)

.bss%z5         0x00000000        0x0
 .bss           0x00000000        0x0 c:/program files/microchip/xc32/v2.50/bin/bin/../../lib/gcc/pic32mx/4.8.3\libgcc.a(_udivdi3.o)

.data%z6        0x00000000        0x0
 .data          0x00000000        0x0 c:/program files/microchip/xc32/v2.50/bin/bin/../../lib/gcc/pic32mx/4.8.3\libgcc.a(_udivdi3.o)

.bss%z7         0x00000000        0x0
 .bss           0x00000000        0x0 c:/program files/microchip/xc32/v2.50/bin/bin/../../lib/gcc/pic32mx/4.8.3/../../../../pic32mx/lib\libm.a(sitofp.o)

.data%z8        0x00000000        0x0
 .data          0x00000000        0x0 c:/program files/microchip/xc32/v2.50/bin/bin/../../lib/gcc/pic32mx/4.8.3/../../../../pic32mx/lib\libm.a(sitofp.o)

.bss%z9         0x00000000        0x0
 .bss           0x00000000        0x0 c:/program files/microchip/xc32/v2.50/bin/bin/../../lib/gcc/pic32mx/4.8.3/../../../../pic32mx/lib\libm.a(fptoul.o)

.data%z10       0x00000000        0x0
 .data          0x00000000        0x0 c:/program files/microchip/xc32/v2.50/bin/bin/../../lib/gcc/pic32mx/4.8.3/../../../../pic32mx/lib\libm.a(fptoul.o)

.bss%z11        0x00000000        0x0
 .bss           0x00000000        0x0 c:/program files/microchip/xc32/v2.50/bin/bin/../../lib/gcc/pic32mx/4.8.3/../../../../pic32mx/lib\libm.a(fp32subadd.o)

.data%z12       0x00000000        0x0
 .data          0x00000000        0x0 c:/program files/microchip/xc32/v2.50/bin/bin/../../lib/gcc/pic32mx/4.8.3/../../../../pic32mx/lib\libm.a(fp32subadd.o)

.bss%z13        0x00000000        0x0
 .bss           0x00000000        0x0 c:/program files/microchip/xc32/v2.50/bin/bin/../../lib/gcc/pic32mx/4.8.3/../../../../pic32mx/lib\liblega-c.a(errno.o)

.data%z14       0x00000000        0x0
 .data          0x00000000        0x0 c:/program files/microchip/xc32/v2.50/bin/bin/../../lib/gcc/pic32mx/4.8.3/../../../../pic32mx/lib\liblega-c.a(errno.o)

.bss%z15        0x00000000        0x0
 .bss           0x00000000        0x0 c:/program files/microchip/xc32/v2.50/bin/bin/../../lib/gcc/pic32mx/4.8.3/../../../../pic32mx/lib\liblega-c.a(_iobfuncs.o)

.data%z16       0x00000000        0x0
 .data          0x00000000        0x0 c:/program files/microchip/xc32/v2.50/bin/bin/../../lib/gcc/pic32mx/4.8.3/../../../../pic32mx/lib\liblega-c.a(_iobfuncs.o)

.bss%z17        0x00000000        0x0
 .bss           0x00000000        0x0 c:/program files/microchip/xc32/v2.50/bin/bin/../../lib/gcc/pic32mx/4.8.3/../../../../pic32mx/lib\liblega-c.a(_doprnt_cdnopsuxX.eo)

.data%z18       0x00000000        0x0
 .data          0x00000000        0x0 c:/program files/microchip/xc32/v2.50/bin/bin/../../lib/gcc/pic32mx/4.8.3/../../../../pic32mx/lib\liblega-c.a(_doprnt_cdnopsuxX.eo)

.bss%z19        0x00000000        0x0
 .bss           0x00000000        0x0 c:/program files/microchip/xc32/v2.50/bin/bin/../../lib/gcc/pic32mx/4.8.3/../../../../pic32mx/lib\liblega-c.a(strlen.o)

.data%z20       0x00000000        0x0
 .data          0x00000000        0x0 c:/program files/microchip/xc32/v2.50/bin/bin/../../lib/gcc/pic32mx/4.8.3/../../../../pic32mx/lib\liblega-c.a(strlen.o)

.bss%z21        0x00000000        0x0
 .bss           0x00000000        0x0 c:/program files/microchip/xc32/v2.50/bin/bin/../../lib/gcc/pic32mx/4.8.3/../../../../pic32mx/lib\liblega-c.a(printf_cdnopsuxX.eo)

.data%z22       0x00000000        0x0
 .data          0x00000000        0x0 c:/program files/microchip/xc32/v2.50/bin/bin/../../lib/gcc/pic32mx/4.8.3/../../../../pic32mx/lib\liblega-c.a(printf_cdnopsuxX.eo)

.bss%z23        0x00000000        0x0
 .bss           0x00000000        0x0 c:/program files/microchip/xc32/v2.50/bin/bin/../../lib/gcc/pic32mx/4.8.3/../../../../pic32mx/lib\liblega-c.a(fputs.o)

.data%z24       0x00000000        0x0
 .data          0x00000000        0x0 c:/program files/microchip/xc32/v2.50/bin/bin/../../lib/gcc/pic32mx/4.8.3/../../../../pic32mx/lib\liblega-c.a(fputs.o)

.bss%z25        0x00000000        0x0
 .bss           0x00000000        0x0 c:/program files/microchip/xc32/v2.50/bin/bin/../../lib/gcc/pic32mx/4.8.3/../../../../pic32mx/lib\liblega-c.a(fputc.o)

.data%z26       0x00000000        0x0
 .data          0x00000000        0x0 c:/program files/microchip/xc32/v2.50/bin/bin/../../lib/gcc/pic32mx/4.8.3/../../../../pic32mx/lib\liblega-c.a(fputc.o)

.bss%z27        0x00000000        0x0
 .bss           0x00000000        0x0 c:/program files/microchip/xc32/v2.50/bin/bin/../../lib/gcc/pic32mx/4.8.3/../../../../pic32mx/lib\libpic32.a(defaultinterrupt.o)

.data%z28       0x00000000        0x0
 .data          0x00000000        0x0 c:/program files/microchip/xc32/v2.50/bin/bin/../../lib/gcc/pic32mx/4.8.3/../../../../pic32mx/lib\libpic32.a(defaultinterrupt.o)

.bss%z29        0x00000000        0x0
 .bss           0x00000000        0x0 c:/program files/microchip/xc32/v2.50/bin/bin/../../lib/gcc/pic32mx/4.8.3/../../../../pic32mx/lib\libpic32.a(default-general-exception-handler.o)

.data%z30       0x00000000        0x0
 .data          0x00000000        0x0 c:/program files/microchip/xc32/v2.50/bin/bin/../../lib/gcc/pic32mx/4.8.3/../../../../pic32mx/lib\libpic32.a(default-general-exception-handler.o)

.bss%z31        0x00000000        0x0
 .bss           0x00000000        0x0 c:/program files/microchip/xc32/v2.50/bin/bin/../../lib/gcc/pic32mx/4.8.3/../../../../pic32mx/lib\libpic32.a(vector44.o)

.data%z32       0x00000000        0x0
 .data          0x00000000        0x0 c:/program files/microchip/xc32/v2.50/bin/bin/../../lib/gcc/pic32mx/4.8.3/../../../../pic32mx/lib\libpic32.a(vector44.o)

.bss%z33        0x00000000        0x0
 .bss           0x00000000        0x0 c:/program files/microchip/xc32/v2.50/bin/bin/../../lib/gcc/pic32mx/4.8.3/../../../../pic32mx/lib\libpic32.a(vector43.o)

.data%z34       0x00000000        0x0
 .data          0x00000000        0x0 c:/program files/microchip/xc32/v2.50/bin/bin/../../lib/gcc/pic32mx/4.8.3/../../../../pic32mx/lib\libpic32.a(vector43.o)

.bss%z35        0x00000000        0x0
 .bss           0x00000000        0x0 c:/program files/microchip/xc32/v2.50/bin/bin/../../lib/gcc/pic32mx/4.8.3/../../../../pic32mx/lib\libpic32.a(vector42.o)

.data%z36       0x00000000        0x0
 .data          0x00000000        0x0 c:/program files/microchip/xc32/v2.50/bin/bin/../../lib/gcc/pic32mx/4.8.3/../../../../pic32mx/lib\libpic32.a(vector42.o)

.bss%z37        0x00000000        0x0
 .bss           0x00000000        0x0 c:/program files/microchip/xc32/v2.50/bin/bin/../../lib/gcc/pic32mx/4.8.3/../../../../pic32mx/lib\libpic32.a(vector41.o)

.data%z38       0x00000000        0x0
 .data          0x00000000        0x0 c:/program files/microchip/xc32/v2.50/bin/bin/../../lib/gcc/pic32mx/4.8.3/../../../../pic32mx/lib\libpic32.a(vector41.o)

.bss%z39        0x00000000        0x0
 .bss           0x00000000        0x0 c:/program files/microchip/xc32/v2.50/bin/bin/../../lib/gcc/pic32mx/4.8.3/../../../../pic32mx/lib\libpic32.a(vector40.o)

.data%z40       0x00000000        0x0
 .data          0x00000000        0x0 c:/program files/microchip/xc32/v2.50/bin/bin/../../lib/gcc/pic32mx/4.8.3/../../../../pic32mx/lib\libpic32.a(vector40.o)

.bss%z41        0x00000000        0x0
 .bss           0x00000000        0x0 c:/program files/microchip/xc32/v2.50/bin/bin/../../lib/gcc/pic32mx/4.8.3/../../../../pic32mx/lib\libpic32.a(vector39.o)

.data%z42       0x00000000        0x0
 .data          0x00000000        0x0 c:/program files/microchip/xc32/v2.50/bin/bin/../../lib/gcc/pic32mx/4.8.3/../../../../pic32mx/lib\libpic32.a(vector39.o)

.bss%z43        0x00000000        0x0
 .bss           0x00000000        0x0 c:/program files/microchip/xc32/v2.50/bin/bin/../../lib/gcc/pic32mx/4.8.3/../../../../pic32mx/lib\libpic32.a(vector38.o)

.data%z44       0x00000000        0x0
 .data          0x00000000        0x0 c:/program files/microchip/xc32/v2.50/bin/bin/../../lib/gcc/pic32mx/4.8.3/../../../../pic32mx/lib\libpic32.a(vector38.o)

.bss%z45        0x00000000        0x0
 .bss           0x00000000        0x0 c:/program files/microchip/xc32/v2.50/bin/bin/../../lib/gcc/pic32mx/4.8.3/../../../../pic32mx/lib\libpic32.a(vector37.o)

.data%z46       0x00000000        0x0
 .data          0x00000000        0x0 c:/program files/microchip/xc32/v2.50/bin/bin/../../lib/gcc/pic32mx/4.8.3/../../../../pic32mx/lib\libpic32.a(vector37.o)

.bss%z47        0x00000000        0x0
 .bss           0x00000000        0x0 c:/program files/microchip/xc32/v2.50/bin/bin/../../lib/gcc/pic32mx/4.8.3/../../../../pic32mx/lib\libpic32.a(vector36.o)

.data%z48       0x00000000        0x0
 .data          0x00000000        0x0 c:/program files/microchip/xc32/v2.50/bin/bin/../../lib/gcc/pic32mx/4.8.3/../../../../pic32mx/lib\libpic32.a(vector36.o)

.bss%z49        0x00000000        0x0